<html>
<body>
<pre>
<h1>µVision Build Log</h1>
<h2>Tool Versions:</h2>
IDE-Version: ¦ÌVision V5.25.3.0
Copyright (C) 2018 ARM Ltd and ARM Germany GmbH. All rights reserved.
License Information: 1 Microsoft, Microsoft, LIC=S5ITG-V5G2Q-BXVUY-I5T0J-4HUEL-MI8C5
 
Tool Versions:
Toolchain:       MDK-ARM Professional  Version: 5.25.2.0
Toolchain Path:  D:\Keil_v5\ARM\ARMCC\Bin
C Compiler:      Armcc.exe V5.06 update 6 (build 750)
Assembler:       Armasm.exe V5.06 update 6 (build 750)
Linker/Locator:  ArmLink.exe V5.06 update 6 (build 750)
Library Manager: ArmAr.exe V5.06 update 6 (build 750)
Hex Converter:   FromElf.exe V5.06 update 6 (build 750)
CPU DLL:         SARMCM3.DLL V5.25.2.0
Dialog DLL:      DARMP1.DLL V1.27.0.0
Target DLL:      Segger\JL2CM3.dll V2.99.29.0
Dialog DLL:      TARMP1.DLL V1.26.0.0
 
<h2>Project:</h2>
F:\2520B\Project\project.uvproj
Project File Date:  01/12/2019

<h2>Output:</h2>
*** Using Compiler 'V5.06 update 6 (build 750)', folder: 'D:\Keil_v5\ARM\ARMCC\Bin'
Build target 'Open1788'
compiling test.c...
..\User\Test\test.c(163): warning:  #223-D: function "RecHandle" declared implicitly
          RecHandle();
..\User\Test\test.c(94): warning:  #177-D: variable "addr"  was declared but never referenced
        uint16_t addr;
..\User\Test\test.c(95): warning:  #177-D: variable "crc1"  was declared but never referenced
        static uint16_t crc1;
..\User\Test\test.c(328): warning:  #177-D: variable "lock_flag"  was declared but never referenced
        vu8 lock_flag=0;
..\User\Test\test.c(332): warning:  #177-D: variable "sendtest"  was declared but never referenced
      vu8 sendtest[5] ={1,2,3,4,5};
..\User\Test\test.c(3682): warning:  #550-D: variable "kind"  was set but never used
        u8 kind=0xff;
..\User\Test\test.c(3784): warning:  #177-D: variable "i"  was declared but never referenced
        vu8 i;
..\User\Test\test.c(5111): warning:  #550-D: variable "bytes_written"  was set but never used
      uint32_t  bytes_written;
..\User\Test\test.c: 8 warnings, 0 errors
linking...
Program Size: Code=72986 RO-data=427870 RW-data=308 ZI-data=19452  
FromELF: creating hex file...
".\Output\project.axf" - 0 Error(s), 8 Warning(s).
Build Time Elapsed:  00:00:01
</pre>
</body>
</html>
