Component: ARM Compiler 5.06 update 6 (build 750) Tool: armlink [4d35ed]

==============================================================================

Section Cross References

    ex_sdram.o(.text) refers to timer.o(.text) for delayMs
    ex_sdram.o(.text) refers to system_lpc177x_8x.o(.data) for SystemCoreClock
    main.o(.text) refers to _printf_pad.o(.text) for _printf_pre_padding
    main.o(.text) refers to _printf_percent.o(.ARM.Collect$$_printf_percent$$00000000) for _printf_percent
    main.o(.text) refers to _printf_d.o(.ARM.Collect$$_printf_percent$$00000009) for _printf_d
    main.o(.text) refers to _printf_dec.o(.text) for _printf_int_dec
    main.o(.text) refers to lpc177x_8x_gpio.o(.text) for GPIO_GetIntStatus
    main.o(.text) refers to lpc177x_8x_clkpwr.o(.text) for CLKPWR_GetCLK
    main.o(.text) refers to key.o(.text) for Delay
    main.o(.text) refers to lpc177x_8x_eeprom.o(.text) for EEPROM_Init
    main.o(.text) refers to rtc_1.o(.text) for RTC_INT
    main.o(.text) refers to debug_frmwrk.o(.text) for debug_frmwrk_init
    main.o(.text) refers to ex_sdram.o(.text) for SDRAM_Init
    main.o(.text) refers to lpc177x_8x_lcd.o(.text) for GLCD_Ctrl
    main.o(.text) refers to globalvalue.o(.text) for InitGlobalValue
    main.o(.text) refers to use_disp.o(.text) for ReadSavedata
    main.o(.text) refers to test.o(.text) for Set_Compbcd_float
    main.o(.text) refers to __2sprintf.o(.text) for __2sprintf
    main.o(.text) refers to usbhost_fat.o(.text) for FILE_Open
    main.o(.text) refers to globalvalue.o(.data) for softswitch
    main.o(.text) refers to logo.o(.data) for LogoPic
    main.o(.text) refers to test.o(.data) for keynum
    main.o(.text) refers to usbhost_lpc17xx.o(.data) for UserBuffer
    timer.o(.text) refers to system_lpc177x_8x.o(.data) for PeripheralClock
    timer.o(.text) refers to timer.o(.data) for timer0_counter
    lpc177x_8x_lcd.o(.text) refers to system_lpc177x_8x.o(.data) for PeripheralClock
    lpc177x_8x_lcd.o(.text) refers to asciilib.o(.text) for GetASCIICode
    lpc177x_8x_lcd.o(.text) refers to lpc177x_8x_lcd.o(.constdata) for GB_21
    lpc177x_8x_lcd.o(.text) refers to lpc177x_8x_lcd.o(.data) for Colour
    lpc177x_8x_lcd.o(.text) refers to asciilib.o(.constdata) for _num
    lpc177x_8x_lcd.o(.text) refers to globalvalue.o(.bss) for DispBuf
    logo.o(.data) refers to logo.o(.constdata) for LogoStream
    logo.o(.data) refers to logo.o(.conststring) for .conststring
    asciilib.o(.text) refers to rt_memcpy_v6.o(.text) for __aeabi_memcpy
    asciilib.o(.text) refers to asciilib.o(.constdata) for AsciiLib
    touchpanel.o(.text) refers to lpc177x_8x_ssp.o(.text) for SSP_ReadWrite
    touchpanel.o(.text) refers to lpc177x_8x_pinsel.o(.text) for PINSEL_ConfigPin
    touchpanel.o(.text) refers to lpc177x_8x_gpio.o(.text) for GPIO_SetDir
    touchpanel.o(.text) refers to rt_memclr_w.o(.text) for __aeabi_memclr4
    touchpanel.o(.text) refers to dflt_clz.o(x$fpl$dflt) for __aeabi_i2d
    touchpanel.o(.text) refers to deqf.o(x$fpl$deqf) for __aeabi_cdcmpeq
    touchpanel.o(.text) refers to touchpanel.o(.bss) for dataCfg
    touchpanel.o(.text) refers to touchpanel.o(.data) for screen
    touchpanel.o(.text) refers to dflt_clz.o(x$fpl$dfltu) for __aeabi_ui2d
    touchpanel.o(.text) refers to dmul.o(x$fpl$dmul) for __aeabi_dmul
    touchpanel.o(.text) refers to daddsub_clz.o(x$fpl$dadd) for __aeabi_dadd
    touchpanel.o(.text) refers to ddiv.o(x$fpl$ddiv) for __aeabi_ddiv
    touchpanel.o(.text) refers to dfixu.o(x$fpl$dfixu) for __aeabi_d2uiz
    touchpanel.o(.text) refers to lpc177x_8x_lcd.o(.text) for lcd_Clear
    use_disp.o(.text) refers to lpc177x_8x_lcd.o(.text) for LCD_DrawRect
    use_disp.o(.text) refers to lpc177x_8x_lcd.o(.data) for Colour
    use_disp.o(.text) refers to use_disp.o(.constdata) for Set_Unit
    use_disp.o(.text) refers to asciilib.o(.constdata) for Out_Assic
    use_disp.o(.text) refers to globalvalue.o(.bss) for SaveData
    use_disp.o(.text) refers to ffix.o(x$fpl$ffix) for __aeabi_f2iz
    use_disp.o(.text) refers to test.o(.text) for V_BCD_Int
    use_disp.o(.text) refers to fflt_clz.o(x$fpl$ffltu) for __aeabi_ui2f
    use_disp.o(.text) refers to fmul.o(x$fpl$fmul) for __aeabi_fmul
    use_disp.o(.text) refers to f2d.o(x$fpl$f2d) for __aeabi_f2d
    use_disp.o(.text) refers to dmul.o(x$fpl$dmul) for __aeabi_dmul
    use_disp.o(.text) refers to d2f.o(x$fpl$d2f) for __aeabi_d2f
    use_disp.o(.text) refers to dflt_clz.o(x$fpl$dfltu) for __aeabi_ui2d
    use_disp.o(.text) refers to pow.o(i.pow) for pow
    use_disp.o(.text) refers to ddiv.o(x$fpl$ddiv) for __aeabi_ddiv
    use_disp.o(.text) refers to drleqf.o(x$fpl$drleqf) for __aeabi_cdrcmple
    use_disp.o(.text) refers to fdiv.o(x$fpl$fdiv) for __aeabi_fdiv
    use_disp.o(.text) refers to ffixu.o(x$fpl$ffixu) for __aeabi_f2uiz
    use_disp.o(.text) refers to rt_memcpy_w.o(.text) for __aeabi_memcpy4
    use_disp.o(.text) refers to dfixu.o(x$fpl$dfixu) for __aeabi_d2uiz
[...]
    PLL1_IRQHandler                          0x0000a603   Thumb Code     0  startup_lpc177x_8x.o(.text)
    PWM0_IRQHandler                          0x0000a603   Thumb Code     0  startup_lpc177x_8x.o(.text)
    PWM1_IRQHandler                          0x0000a603   Thumb Code     0  startup_lpc177x_8x.o(.text)
    QEI_IRQHandler                           0x0000a603   Thumb Code     0  startup_lpc177x_8x.o(.text)
    SPIFI_IRQHandler                         0x0000a603   Thumb Code     0  startup_lpc177x_8x.o(.text)
    SSP0_IRQHandler                          0x0000a603   Thumb Code     0  startup_lpc177x_8x.o(.text)
    SSP1_IRQHandler                          0x0000a603   Thumb Code     0  startup_lpc177x_8x.o(.text)
    SSP2_IRQHandler                          0x0000a603   Thumb Code     0  startup_lpc177x_8x.o(.text)
    UART1_IRQHandler                         0x0000a603   Thumb Code     0  startup_lpc177x_8x.o(.text)
    UART2_IRQHandler                         0x0000a603   Thumb Code     0  startup_lpc177x_8x.o(.text)
    UART4_IRQHandler                         0x0000a603   Thumb Code     0  startup_lpc177x_8x.o(.text)
    USBActivity_IRQHandler                   0x0000a603   Thumb Code     0  startup_lpc177x_8x.o(.text)
    WDT_IRQHandler                           0x0000a603   Thumb Code     0  startup_lpc177x_8x.o(.text)
    __user_initial_stackheap                 0x0000a605   Thumb Code     0  startup_lpc177x_8x.o(.text)
    SystemCoreClockUpdate                    0x0000a625   Thumb Code   672  system_lpc177x_8x.o(.text)
    SystemInit                               0x0000a8c5   Thumb Code   190  system_lpc177x_8x.o(.text)
    GPIO_SetDir                              0x0000aa51   Thumb Code    40  lpc177x_8x_gpio.o(.text)
    GPIO_SetValue                            0x0000aa79   Thumb Code    20  lpc177x_8x_gpio.o(.text)
    GPIO_ClearValue                          0x0000aa8d   Thumb Code    20  lpc177x_8x_gpio.o(.text)
    GPIO_OutputValue                         0x0000aaa1   Thumb Code    30  lpc177x_8x_gpio.o(.text)
    GPIO_ReadValue                           0x0000aabf   Thumb Code    22  lpc177x_8x_gpio.o(.text)
    GPIO_IntCmd                              0x0000aad5   Thumb Code    60  lpc177x_8x_gpio.o(.text)
    GPIO_GetIntStatus                        0x0000ab11   Thumb Code    86  lpc177x_8x_gpio.o(.text)
    GPIO_ClearInt                            0x0000ab67   Thumb Code    28  lpc177x_8x_gpio.o(.text)
    FIO_SetDir                               0x0000ab83   Thumb Code    20  lpc177x_8x_gpio.o(.text)
    FIO_SetValue                             0x0000ab97   Thumb Code    16  lpc177x_8x_gpio.o(.text)
    FIO_ClearValue                           0x0000aba7   Thumb Code    16  lpc177x_8x_gpio.o(.text)
    FIO_ReadValue                            0x0000abb7   Thumb Code    12  lpc177x_8x_gpio.o(.text)
    FIO_IntCmd                               0x0000abc3   Thumb Code    20  lpc177x_8x_gpio.o(.text)
    FIO_GetIntStatus                         0x0000abd7   Thumb Code    20  lpc177x_8x_gpio.o(.text)
    FIO_ClearInt                             0x0000abeb   Thumb Code    16  lpc177x_8x_gpio.o(.text)
    FIO_SetMask                              0x0000abfb   Thumb Code    40  lpc177x_8x_gpio.o(.text)
    FIO_HalfWordSetDir                       0x0000ac23   Thumb Code    62  lpc177x_8x_gpio.o(.text)
    FIO_HalfWordSetMask                      0x0000ac61   Thumb Code    62  lpc177x_8x_gpio.o(.text)
    FIO_HalfWordSetValue                     0x0000ac9f   Thumb Code    32  lpc177x_8x_gpio.o(.text)
    FIO_HalfWordClearValue                   0x0000acbf   Thumb Code    32  lpc177x_8x_gpio.o(.text)
    FIO_HalfWordReadValue                    0x0000acdf   Thumb Code    30  lpc177x_8x_gpio.o(.text)
    FIO_ByteSetDir                           0x0000acfd   Thumb Code    58  lpc177x_8x_gpio.o(.text)
    FIO_ByteSetMask                          0x0000ad37   Thumb Code    74  lpc177x_8x_gpio.o(.text)
    FIO_ByteSetValue                         0x0000ad81   Thumb Code    48  lpc177x_8x_gpio.o(.text)
    FIO_ByteClearValue                       0x0000adb1   Thumb Code    38  lpc177x_8x_gpio.o(.text)
    FIO_ByteReadValue                        0x0000add7   Thumb Code    36  lpc177x_8x_gpio.o(.text)
    CLKPWR_SetCLKDiv                         0x0000adfd   Thumb Code    94  lpc177x_8x_clkpwr.o(.text)
    CLKPWR_GetCLK                            0x0000ae5b   Thumb Code    46  lpc177x_8x_clkpwr.o(.text)
    CLKPWR_ConfigPPWR                        0x0000ae89   Thumb Code    38  lpc177x_8x_clkpwr.o(.text)
    CLKPWR_Sleep                             0x0000aeaf   Thumb Code    12  lpc177x_8x_clkpwr.o(.text)
    CLKPWR_DeepSleep                         0x0000aebb   Thumb Code    18  lpc177x_8x_clkpwr.o(.text)
    CLKPWR_PowerDown                         0x0000aecd   Thumb Code    18  lpc177x_8x_clkpwr.o(.text)
    CLKPWR_DeepPowerDown                     0x0000aedf   Thumb Code    18  lpc177x_8x_clkpwr.o(.text)
    UART_Init                                0x0000b09d   Thumb Code   312  lpc177x_8x_uart.o(.text)
    UART_TxCmd                               0x0000b1d5   Thumb Code    68  lpc177x_8x_uart.o(.text)
    UART_DeInit                              0x0000b219   Thumb Code    74  lpc177x_8x_uart.o(.text)
    UART_ConfigStructInit                    0x0000b263   Thumb Code    12  lpc177x_8x_uart.o(.text)
    UART_SendByte                            0x0000b26f   Thumb Code    14  lpc177x_8x_uart.o(.text)
    UART_ReceiveByte                         0x0000b27d   Thumb Code    16  lpc177x_8x_uart.o(.text)
    UART_Send                                0x0000b28d   Thumb Code   152  lpc177x_8x_uart.o(.text)
    UART_Receive                             0x0000b325   Thumb Code   114  lpc177x_8x_uart.o(.text)
    UART_ForceBreak                          0x0000b397   Thumb Code    26  lpc177x_8x_uart.o(.text)
    UART_IntConfig                           0x0000b3b1   Thumb Code   130  lpc177x_8x_uart.o(.text)
    UART_GetLineStatus                       0x0000b433   Thumb Code    16  lpc177x_8x_uart.o(.text)
    UART_GetIntId                            0x0000b443   Thumb Code    12  lpc177x_8x_uart.o(.text)
    UART_CheckBusy                           0x0000b44f   Thumb Code    18  lpc177x_8x_uart.o(.text)
    UART_FIFOConfig                          0x0000b461   Thumb Code   104  lpc177x_8x_uart.o(.text)
    UART_FIFOConfigStructInit                0x0000b4c9   Thumb Code    14  lpc177x_8x_uart.o(.text)
    UART_ABCmd                               0x0000b4d7   Thumb Code   126  lpc177x_8x_uart.o(.text)
    UART_ABClearIntPending                   0x0000b555   Thumb Code    22  lpc177x_8x_uart.o(.text)
    UART_IrDAInvtInputCmd                    0x0000b56b   Thumb Code    34  lpc177x_8x_uart.o(.text)
    UART_IrDACmd                             0x0000b58d   Thumb Code    32  lpc177x_8x_uart.o(.text)
    UART_IrDAPulseDivConfig                  0x0000b5ad   Thumb Code    30  lpc177x_8x_uart.o(.text)
    UART_FullModemForcePinState              0x0000b5cb   Thumb Code    48  lpc177x_8x_uart.o(.text)
    UART_FullModemConfigMode                 0x0000b5fb   Thumb Code    56  lpc177x_8x_uart.o(.text)
    UART_FullModemGetStatus                  0x0000b633   Thumb Code     6  lpc177x_8x_uart.o(.text)
    UART_RS485Config                         0x0000b639   Thumb Code    96  lpc177x_8x_uart.o(.text)
    UART_RS485ReceiverCmd                    0x0000b699   Thumb Code    32  lpc177x_8x_uart.o(.text)
    UART_RS485Send                           0x0000b6b9   Thumb Code    88  lpc177x_8x_uart.o(.text)
    UART_RS485SendSlvAddr                    0x0000b711   Thumb Code    18  lpc177x_8x_uart.o(.text)
    UART_RS485SendData                       0x0000b723   Thumb Code    22  lpc177x_8x_uart.o(.text)
    UARTPutChar                              0x0000b73d   Thumb Code    18  debug_frmwrk.o(.text)
    UARTGetChar                              0x0000b74f   Thumb Code    26  debug_frmwrk.o(.text)
    UARTPuts                                 0x0000b769   Thumb Code    36  debug_frmwrk.o(.text)
    UARTGetValue                             0x0000b78d   Thumb Code   348  debug_frmwrk.o(.text)
    UART3SEND                                0x0000b8e9   Thumb Code    36  debug_frmwrk.o(.text)
    UARTPuts_                                0x0000b90d   Thumb Code    24  debug_frmwrk.o(.text)
    UARTPutDec                               0x0000b925   Thumb Code    96  debug_frmwrk.o(.text)
    UARTPutDec16                             0x0000b985   Thumb Code   160  debug_frmwrk.o(.text)
    UARTPutDec32                             0x0000ba25   Thumb Code   280  debug_frmwrk.o(.text)
    UARTPutHex_                              0x0000bb3d   Thumb Code    58  debug_frmwrk.o(.text)
    UARTPutHex                               0x0000bb77   Thumb Code    66  debug_frmwrk.o(.text)
    UARTPutHex16_                            0x0000bbb9   Thumb Code    58  debug_frmwrk.o(.text)
    UARTPutHex16                             0x0000bbf3   Thumb Code   186  debug_frmwrk.o(.text)
    UARTPutHex32_                            0x0000bcad   Thumb Code    58  debug_frmwrk.o(.text)
    UARTPutHex32                             0x0000bce7   Thumb Code    68  debug_frmwrk.o(.text)
    _printf                                  0x0000bd2b   Thumb Code    38  debug_frmwrk.o(.text)
    debug_frmwrk_init                        0x0000bd51   Thumb Code   180  debug_frmwrk.o(.text)
    Uart3_init                               0x0000be05   Thumb Code   118  debug_frmwrk.o(.text)
    Uart0RecTimeOut                          0x0000be7b   Thumb Code    50  debug_frmwrk.o(.text)
    UART0_IRQHandler                         0x0000bead   Thumb Code   166  debug_frmwrk.o(.text)
    CRC16                                    0x0000bf53   Thumb Code    48  debug_frmwrk.o(.text)
    MODS_SendWithCRC                         0x0000bf83   Thumb Code    64  debug_frmwrk.o(.text)
    BEBufToUint16                            0x0000c009   Thumb Code    12  debug_frmwrk.o(.text)
    UART3_IRQHandler                         0x0000c015   Thumb Code    62  debug_frmwrk.o(.text)
    RecHandle                                0x0000c351   Thumb Code    34  debug_frmwrk.o(.text)
    PINSEL_ConfigPin                         0x0000c3b3   Thumb Code    40  lpc177x_8x_pinsel.o(.text)
    PINSEL_SetPinMode                        0x0000c3db   Thumb Code    40  lpc177x_8x_pinsel.o(.text)
    PINSEL_SetHysMode                        0x0000c403   Thumb Code    46  lpc177x_8x_pinsel.o(.text)
    PINSEL_SetSlewMode                       0x0000c431   Thumb Code    46  lpc177x_8x_pinsel.o(.text)
    PINSEL_SetInBufMode                      0x0000c45f   Thumb Code    46  lpc177x_8x_pinsel.o(.text)
    PINSEL_SetI2CMode                        0x0000c48d   Thumb Code    42  lpc177x_8x_pinsel.o(.text)
    PINSEL_SetOpenDrainMode                  0x0000c4b7   Thumb Code    46  lpc177x_8x_pinsel.o(.text)
    PINSEL_SetAnalogPinMode                  0x0000c4e5   Thumb Code   126  lpc177x_8x_pinsel.o(.text)
    PINSEL_DacEnable                         0x0000c563   Thumb Code    54  lpc177x_8x_pinsel.o(.text)
    PINSEL_SetFilter                         0x0000c599   Thumb Code    74  lpc177x_8x_pinsel.o(.text)
    EEPROM_Init                              0x0000c5e9   Thumb Code   110  lpc177x_8x_eeprom.o(.text)
    EEPROM_Write                             0x0000c657   Thumb Code   238  lpc177x_8x_eeprom.o(.text)
    EEPROM_Read                              0x0000c745   Thumb Code   224  lpc177x_8x_eeprom.o(.text)
    EEPROM_Erase                             0x0000c825   Thumb Code    88  lpc177x_8x_eeprom.o(.text)
    EEPROM_PowerDown                         0x0000c87d   Thumb Code    20  lpc177x_8x_eeprom.o(.text)
    RTC_Init                                 0x0000c8a1   Thumb Code    30  lpc177x_8x_rtc_1.o(.text)
    RTC_DeInit                               0x0000c8bf   Thumb Code    20  lpc177x_8x_rtc_1.o(.text)
    RTC_ResetClockTickCounter                0x0000c8d3   Thumb Code    18  lpc177x_8x_rtc_1.o(.text)
    RTC_Cmd                                  0x0000c8e5   Thumb Code    24  lpc177x_8x_rtc_1.o(.text)
    RTC_CntIncrIntConfig                     0x0000c8fd   Thumb Code   202  lpc177x_8x_rtc_1.o(.text)
    RTC_AlarmIntConfig                       0x0000c9c7   Thumb Code   202  lpc177x_8x_rtc_1.o(.text)
    RTC_SetTime                              0x0000ca91   Thumb Code   206  lpc177x_8x_rtc_1.o(.text)
    RTC_GetTime                              0x0000cb5f   Thumb Code    98  lpc177x_8x_rtc_1.o(.text)
    RTC_SetFullTime                          0x0000cbc1   Thumb Code    70  lpc177x_8x_rtc_1.o(.text)
    RTC_GetFullTime                          0x0000cc07   Thumb Code    70  lpc177x_8x_rtc_1.o(.text)
    RTC_SetAlarmTime                         0x0000cc4d   Thumb Code   228  lpc177x_8x_rtc_1.o(.text)
    RTC_GetAlarmTime                         0x0000cd31   Thumb Code   102  lpc177x_8x_rtc_1.o(.text)
    RTC_SetFullAlarmTime                     0x0000cd97   Thumb Code    70  lpc177x_8x_rtc_1.o(.text)
    RTC_GetFullAlarmTime                     0x0000cddd   Thumb Code    70  lpc177x_8x_rtc_1.o(.text)
    RTC_GetIntPending                        0x0000ce23   Thumb Code    16  lpc177x_8x_rtc_1.o(.text)
    RTC_ClearIntPending                      0x0000ce33   Thumb Code     8  lpc177x_8x_rtc_1.o(.text)
    RTC_CalibCounterCmd                      0x0000ce3b   Thumb Code    24  lpc177x_8x_rtc_1.o(.text)
    RTC_CalibConfig                          0x0000ce53   Thumb Code    24  lpc177x_8x_rtc_1.o(.text)
    RTC_WriteGPREG                           0x0000ce6b   Thumb Code    14  lpc177x_8x_rtc_1.o(.text)
    RTC_ReadGPREG                            0x0000ce79   Thumb Code    16  lpc177x_8x_rtc_1.o(.text)
    FAT_GetFATType                           0x0000ce89   Thumb Code    48  usbhost_fat.o(.text)
    FAT_Init                                 0x0000ceb9   Thumb Code   328  usbhost_fat.o(.text)
    FAT_PutSFN                               0x0000d001   Thumb Code   172  usbhost_fat.o(.text)
    FAT_ChkEntType                           0x0000d0ad   Thumb Code    34  usbhost_fat.o(.text)
    FAT_GetFreeEntry                         0x0000d0cf   Thumb Code   106  usbhost_fat.o(.text)
    FAT_StrCaseCmp                           0x0000d139   Thumb Code    72  usbhost_fat.o(.text)
    FAT_GetSfnExt                            0x0000d181   Thumb Code    52  usbhost_fat.o(.text)
    FAT_GetSfnName                           0x0000d1b5   Thumb Code    40  usbhost_fat.o(.text)
    FAT_GetSFN                               0x0000d1dd   Thumb Code    64  usbhost_fat.o(.text)
    FAT_FindEntry                            0x0000d21d   Thumb Code   160  usbhost_fat.o(.text)
    FAT_CreateEntry                          0x0000d2bd   Thumb Code    48  usbhost_fat.o(.text)
    FILE_Open                                0x0000d2ed   Thumb Code   102  usbhost_fat.o(.text)
    FAT_ClusRead                             0x0000d353   Thumb Code   264  usbhost_fat.o(.text)
    FAT_GetNextClus                          0x0000d45b   Thumb Code    82  usbhost_fat.o(.text)
    FILE_Read                                0x0000d4ad   Thumb Code   224  usbhost_fat.o(.text)
    FAT_UpdateFAT                            0x0000d58d   Thumb Code    78  usbhost_fat.o(.text)
    FAT_GetFreeClus                          0x0000d5db   Thumb Code    90  usbhost_fat.o(.text)
    FAT_ClusWrite                            0x0000d635   Thumb Code   304  usbhost_fat.o(.text)
    FAT_GetEndClus                           0x0000d765   Thumb Code    28  usbhost_fat.o(.text)
    FILE_Write                               0x0000d781   Thumb Code   252  usbhost_fat.o(.text)
    FAT_UpdateEntry                          0x0000d87d   Thumb Code    50  usbhost_fat.o(.text)
    FILE_Close                               0x0000d8af   Thumb Code    72  usbhost_fat.o(.text)
    Host_DelayUS                             0x0000d905   Thumb Code    24  usbhost_lpc17xx.o(.text)
    Host_DelayMS                             0x0000d91d   Thumb Code    32  usbhost_lpc17xx.o(.text)
    Host_HCCAInit                            0x0000d93d   Thumb Code    26  usbhost_lpc17xx.o(.text)
    Host_TDInit                              0x0000d957   Thumb Code    12  usbhost_lpc17xx.o(.text)
    Host_EDInit                              0x0000d963   Thumb Code    12  usbhost_lpc17xx.o(.text)
    Host_Init                                0x0000d96f   Thumb Code   490  usbhost_lpc17xx.o(.text)
    USB_IRQHandler                           0x0000db59   Thumb Code   352  usbhost_lpc17xx.o(.text)
    Host_WDHWait                             0x0000dcb9   Thumb Code    18  usbhost_lpc17xx.o(.text)
    Host_ProcessTD                           0x0000dccb   Thumb Code   322  usbhost_lpc17xx.o(.text)
    WriteLE16U                               0x0000de0d   Thumb Code    16  usbhost_lpc17xx.o(.text)
    Host_FillSetup                           0x0000de1d   Thumb Code    86  usbhost_lpc17xx.o(.text)
    Host_CtrlSend                            0x0000de73   Thumb Code    98  usbhost_lpc17xx.o(.text)
    ReadLE16U                                0x0000ded5   Thumb Code    22  usbhost_lpc17xx.o(.text)
    Host_CtrlRecv                            0x0000deeb   Thumb Code    98  usbhost_lpc17xx.o(.text)
    Host_EnumDev                             0x0000df4d   Thumb Code   348  usbhost_lpc17xx.o(.text)
    ReadLE32U                                0x0000e0a9   Thumb Code    32  usbhost_lpc17xx.o(.text)
    WriteLE32U                               0x0000e0c9   Thumb Code    28  usbhost_lpc17xx.o(.text)
    ReadBE32U                                0x0000e0e5   Thumb Code    32  usbhost_lpc17xx.o(.text)
    WriteBE32U                               0x0000e105   Thumb Code    28  usbhost_lpc17xx.o(.text)
    ReadBE16U                                0x0000e121   Thumb Code    22  usbhost_lpc17xx.o(.text)
    WriteBE16U                               0x0000e137   Thumb Code    16  usbhost_lpc17xx.o(.text)
    Fill_MSCommand                           0x0000e161   Thumb Code   186  usbhost_ms.o(.text)
    MS_Inquire                               0x0000e21b   Thumb Code   138  usbhost_ms.o(.text)
    MS_ReadCapacity                          0x0000e2a5   Thumb Code   132  usbhost_ms.o(.text)
    MS_GetSenseInfo                          0x0000e329   Thumb Code   104  usbhost_ms.o(.text)
    MS_TestUnitReady                         0x0000e391   Thumb Code    80  usbhost_ms.o(.text)
    MS_GetMaxLUN                             0x0000e3e1   Thumb Code    30  usbhost_ms.o(.text)
    MS_Init                                  0x0000e3ff   Thumb Code    86  usbhost_ms.o(.text)
    MS_ParseConfiguration                    0x0000e455   Thumb Code   204  usbhost_ms.o(.text)
    MS_BulkRecv                              0x0000e521   Thumb Code   170  usbhost_ms.o(.text)
    MS_BulkSend                              0x0000e5cb   Thumb Code   120  usbhost_ms.o(.text)
    RTC_IRQHandler                           0x0000e655   Thumb Code    36  rtc_1.o(.text)
    RTC_INT                                  0x0000e679   Thumb Code    54  rtc_1.o(.text)
    __aeabi_uldivmod                         0x0000e6bd   Thumb Code     0  lludivv7m.o(.text)
    _ll_udiv                                 0x0000e6bd   Thumb Code   238  lludivv7m.o(.text)
    __c89vsprintf                            0x0000e7ad   Thumb Code    32  c89vsprintf.o(.text)
    __2sprintf                               0x0000e7d1   Thumb Code    38  __2sprintf.o(.text)
    _printf_pre_padding                      0x0000e7fd   Thumb Code    44  _printf_pad.o(.text)
    _printf_post_padding                     0x0000e829   Thumb Code    34  _printf_pad.o(.text)
    _printf_int_dec                          0x0000e84d   Thumb Code   104  _printf_dec.o(.text)
    __printf                                 0x0000e8c5   Thumb Code   388  __printf_flags_ss_wp.o(.text)
    strcpy                                   0x0000ea4d   Thumb Code    72  strcpy.o(.text)
    strcat                                   0x0000ea95   Thumb Code    24  strcat.o(.text)
    __aeabi_memcpy                           0x0000eaad   Thumb Code     0  rt_memcpy_v6.o(.text)
    __rt_memcpy                              0x0000eaad   Thumb Code   138  rt_memcpy_v6.o(.text)
    _memcpy_lastbytes                        0x0000eb13   Thumb Code     0  rt_memcpy_v6.o(.text)
    __aeabi_memcpy4                          0x0000eb37   Thumb Code     0  rt_memcpy_w.o(.text)
    __aeabi_memcpy8                          0x0000eb37   Thumb Code     0  rt_memcpy_w.o(.text)
    __rt_memcpy_w                            0x0000eb37   Thumb Code   100  rt_memcpy_w.o(.text)
    _memcpy_lastbytes_aligned                0x0000eb7f   Thumb Code     0  rt_memcpy_w.o(.text)
    __aeabi_memclr4                          0x0000eb9b   Thumb Code     0  rt_memclr_w.o(.text)
    __aeabi_memclr8                          0x0000eb9b   Thumb Code     0  rt_memclr_w.o(.text)
    __rt_memclr_w                            0x0000eb9b   Thumb Code    78  rt_memclr_w.o(.text)
    _memset_w                                0x0000eb9f   Thumb Code     0  rt_memclr_w.o(.text)
    strcmp                                   0x0000ebe9   Thumb Code   128  strcmpv7m.o(.text)
    __read_errno                             0x0000ec69   Thumb Code    10  _rserrno.o(.text)
    __set_errno                              0x0000ec73   Thumb Code    12  _rserrno.o(.text)
    _printf_truncate_signed                  0x0000ec7f   Thumb Code    18  _printf_truncate.o(.text)
    _printf_truncate_unsigned                0x0000ec91   Thumb Code    18  _printf_truncate.o(.text)
    _printf_str                              0x0000eca3   Thumb Code    82  _printf_str.o(.text)
    _printf_int_common                       0x0000ecf5   Thumb Code   178  _printf_intcommon.o(.text)
    _printf_charcount                        0x0000eda7   Thumb Code    40  _printf_charcount.o(.text)
    _printf_char_common                      0x0000eddb   Thumb Code    32  _printf_char_common.o(.text)
    _printf_wctomb                           0x0000ee01   Thumb Code   182  _printf_wctomb.o(.text)
    _printf_longlong_dec                     0x0000eebd   Thumb Code   108  _printf_longlong_dec.o(.text)
    _printf_longlong_oct                     0x0000ef39   Thumb Code    66  _printf_oct_int_ll.o(.text)
    _printf_int_oct                          0x0000ef7b   Thumb Code    24  _printf_oct_int_ll.o(.text)
    _printf_ll_oct                           0x0000ef93   Thumb Code    12  _printf_oct_int_ll.o(.text)
    _printf_longlong_hex                     0x0000efa9   Thumb Code    86  _printf_hex_int_ll_ptr.o(.text)
    _printf_int_hex                          0x0000efff   Thumb Code    28  _printf_hex_int_ll_ptr.o(.text)
    _printf_ll_hex                           0x0000f01b   Thumb Code    12  _printf_hex_int_ll_ptr.o(.text)
    _printf_hex_ptr                          0x0000f027   Thumb Code    18  _printf_hex_int_ll_ptr.o(.text)
    __aeabi_errno_addr                       0x0000f03d   Thumb Code     8  rt_errno_addr_intlibspace.o(.text)
    __errno$intlibspace                      0x0000f03d   Thumb Code     0  rt_errno_addr_intlibspace.o(.text)
    __rt_errno_addr$intlibspace              0x0000f03d   Thumb Code     0  rt_errno_addr_intlibspace.o(.text)
    _ll_udiv10                               0x0000f045   Thumb Code   138  lludiv10.o(.text)
    __lib_sel_fp_printf                      0x0000f0cf   Thumb Code     2  _printf_fp_dec.o(.text)
    _printf_fp_dec_real                      0x0000f281   Thumb Code   620  _printf_fp_dec.o(.text)
    _printf_cs_common                        0x0000f4ed   Thumb Code    20  _printf_char.o(.text)
    _printf_char                             0x0000f501   Thumb Code    16  _printf_char.o(.text)
    _printf_string                           0x0000f511   Thumb Code     8  _printf_char.o(.text)
    _printf_lcs_common                       0x0000f519   Thumb Code    20  _printf_wchar.o(.text)
    _printf_wchar                            0x0000f52d   Thumb Code    16  _printf_wchar.o(.text)
    _printf_wstring                          0x0000f53d   Thumb Code     8  _printf_wchar.o(.text)
    _wcrtomb                                 0x0000f545   Thumb Code    64  _wcrtomb.o(.text)
    __user_libspace                          0x0000f585   Thumb Code     8  libspace.o(.text)
    __user_perproc_libspace                  0x0000f585   Thumb Code     0  libspace.o(.text)
    __user_perthread_libspace                0x0000f585   Thumb Code     0  libspace.o(.text)
    __user_setup_stackheap                   0x0000f58d   Thumb Code    74  sys_stackheap_outer.o(.text)
    __rt_ctype_table                         0x0000f5d9   Thumb Code    16  rt_ctype_table.o(.text)
    __rt_locale                              0x0000f5e9   Thumb Code     8  rt_locale_intlibspace.o(.text)
    _printf_fp_infnan                        0x0000f5f1   Thumb Code   112  _printf_fp_infnan.o(.text)
    _btod_etento                             0x0000f671   Thumb Code   224  bigflt0.o(.text)
    exit                                     0x0000f755   Thumb Code    18  exit.o(.text)
    _sys_exit                                0x0000f769   Thumb Code     8  sys_exit.o(.text)
    __I$use$semihosting                      0x0000f775   Thumb Code     0  use_no_semi.o(.text)
    __use_no_semihosting_swi                 0x0000f775   Thumb Code     2  use_no_semi.o(.text)
    __semihosting_library_function           0x0000f777   Thumb Code     0  indicate_semi.o(.text)
    _btod_d2e                                0x0000f777   Thumb Code    62  btod.o(CL$$btod_d2e)
    _d2e_denorm_low                          0x0000f7b5   Thumb Code    70  btod.o(CL$$btod_d2e_denorm_low)
    _d2e_norm_op1                            0x0000f7fb   Thumb Code    96  btod.o(CL$$btod_d2e_norm_op1)
    __btod_div_common                        0x0000f85b   Thumb Code   696  btod.o(CL$$btod_div_common)
    _e2e                                     0x0000fb93   Thumb Code   220  btod.o(CL$$btod_e2e)
    _btod_ediv                               0x0000fc6f   Thumb Code    42  btod.o(CL$$btod_ediv)
    _btod_emul                               0x0000fc99   Thumb Code    42  btod.o(CL$$btod_emul)
    __btod_mult_common                       0x0000fcc3   Thumb Code   580  btod.o(CL$$btod_mult_common)
    __ARM_fpclassify                         0x0000ff07   Thumb Code    40  fpclassify.o(i.__ARM_fpclassify)
    __kernel_poly                            0x0000ff2f   Thumb Code   170  poly.o(i.__kernel_poly)
    __mathlib_dbl_divzero                    0x0000ffd9   Thumb Code    12  dunder.o(i.__mathlib_dbl_divzero)
    __mathlib_dbl_infnan2                    0x0000ffe9   Thumb Code     4  dunder.o(i.__mathlib_dbl_infnan2)
    __mathlib_dbl_invalid                    0x0000ffed   Thumb Code    12  dunder.o(i.__mathlib_dbl_invalid)
    __mathlib_dbl_overflow                   0x0000fff9   Thumb Code    14  dunder.o(i.__mathlib_dbl_overflow)
    __mathlib_dbl_underflow                  0x00010009   Thumb Code    10  dunder.o(i.__mathlib_dbl_underflow)
    _is_digit                                0x00010019   Thumb Code    14  __printf_wp.o(i._is_digit)
    pow                                      0x00010029   Thumb Code  2512  pow.o(i.pow)
    sqrt                                     0x00010a01   Thumb Code    76  sqrt.o(i.sqrt)
    _get_lc_numeric                          0x00010a4d   Thumb Code    44  lc_numeric_c.o(locale$$code)
    _get_lc_ctype                            0x00010a79   Thumb Code    44  lc_ctype_c.o(locale$$code)
    __aeabi_d2f                              0x00010aa5   Thumb Code     0  d2f.o(x$fpl$d2f)
    _d2f                                     0x00010aa5   Thumb Code    98  d2f.o(x$fpl$d2f)
    __aeabi_dadd                             0x00010b09   Thumb Code     0  daddsub_clz.o(x$fpl$dadd)
    _dadd                                    0x00010b09   Thumb Code   332  daddsub_clz.o(x$fpl$dadd)
    __fpl_dcheck_NaN1                        0x00010c59   Thumb Code    10  dcheck1.o(x$fpl$dcheck1)
    __fpl_dcmp_Inf                           0x00010c69   Thumb Code    24  dcmpi.o(x$fpl$dcmpinf)
    __aeabi_ddiv                             0x00010c81   Thumb Code     0  ddiv.o(x$fpl$ddiv)
    _ddiv                                    0x00010c81   Thumb Code   552  ddiv.o(x$fpl$ddiv)
    __aeabi_d2uiz                            0x00010f31   Thumb Code     0  dfixu.o(x$fpl$dfixu)
    _dfixu                                   0x00010f31   Thumb Code    90  dfixu.o(x$fpl$dfixu)
    __aeabi_i2d                              0x00010f8b   Thumb Code     0  dflt_clz.o(x$fpl$dflt)
    _dflt                                    0x00010f8b   Thumb Code    46  dflt_clz.o(x$fpl$dflt)
    __aeabi_ui2d                             0x00010fb9   Thumb Code     0  dflt_clz.o(x$fpl$dfltu)
    _dfltu                                   0x00010fb9   Thumb Code    38  dflt_clz.o(x$fpl$dfltu)
    __aeabi_cdcmple                          0x00010fe1   Thumb Code     0  dleqf.o(x$fpl$dleqf)
    _dcmple                                  0x00010fe1   Thumb Code   120  dleqf.o(x$fpl$dleqf)
    __fpl_dcmple_InfNaN                      0x00011043   Thumb Code     0  dleqf.o(x$fpl$dleqf)
    __aeabi_dmul                             0x00011059   Thumb Code     0  dmul.o(x$fpl$dmul)
    _dmul                                    0x00011059   Thumb Code   332  dmul.o(x$fpl$dmul)
    __fpl_dnaninf                            0x000111ad   Thumb Code   156  dnaninf.o(x$fpl$dnaninf)
    __fpl_dretinf                            0x00011249   Thumb Code    12  dretinf.o(x$fpl$dretinf)
    __aeabi_cdrcmple                         0x00011255   Thumb Code     0  drleqf.o(x$fpl$drleqf)
    _drcmple                                 0x00011255   Thumb Code   108  drleqf.o(x$fpl$drleqf)
    __aeabi_drsub                            0x000112c1   Thumb Code     0  daddsub_clz.o(x$fpl$drsb)
    _drsb                                    0x000112c1   Thumb Code    22  daddsub_clz.o(x$fpl$drsb)
    _dsqrt                                   0x000112d9   Thumb Code   456  dsqrt_noumaal.o(x$fpl$dsqrt)
    __aeabi_dsub                             0x000114a5   Thumb Code     0  daddsub_clz.o(x$fpl$dsub)
    _dsub                                    0x000114a5   Thumb Code   464  daddsub_clz.o(x$fpl$dsub)
    __aeabi_f2d                              0x00011679   Thumb Code     0  f2d.o(x$fpl$f2d)
    _f2d                                     0x00011679   Thumb Code    86  f2d.o(x$fpl$f2d)
    __aeabi_fadd                             0x000116d1   Thumb Code     0  faddsub_clz.o(x$fpl$fadd)
    _fadd                                    0x000116d1   Thumb Code   196  faddsub_clz.o(x$fpl$fadd)
    __fpl_fcmp_Inf                           0x00011795   Thumb Code    24  fcmpi.o(x$fpl$fcmpinf)
    __aeabi_fdiv                             0x000117ad   Thumb Code     0  fdiv.o(x$fpl$fdiv)
    _fdiv                                    0x000117ad   Thumb Code   384  fdiv.o(x$fpl$fdiv)
    __aeabi_f2iz                             0x00011931   Thumb Code     0  ffix.o(x$fpl$ffix)
    _ffix                                    0x00011931   Thumb Code    54  ffix.o(x$fpl$ffix)
    __aeabi_f2uiz                            0x00011969   Thumb Code     0  ffixu.o(x$fpl$ffixu)
    _ffixu                                   0x00011969   Thumb Code    62  ffixu.o(x$fpl$ffixu)
    __aeabi_i2f                              0x000119a9   Thumb Code     0  fflt_clz.o(x$fpl$fflt)
    _fflt                                    0x000119a9   Thumb Code    48  fflt_clz.o(x$fpl$fflt)
    __aeabi_ui2f                             0x000119d9   Thumb Code     0  fflt_clz.o(x$fpl$ffltu)
    _ffltu                                   0x000119d9   Thumb Code    38  fflt_clz.o(x$fpl$ffltu)
    __aeabi_cfcmple                          0x00011a01   Thumb Code     0  fleqf.o(x$fpl$fleqf)
    _fcmple                                  0x00011a01   Thumb Code   104  fleqf.o(x$fpl$fleqf)
    __fpl_fcmple_InfNaN                      0x00011a53   Thumb Code     0  fleqf.o(x$fpl$fleqf)
    __aeabi_fmul                             0x00011a69   Thumb Code     0  fmul.o(x$fpl$fmul)
    _fmul                                    0x00011a69   Thumb Code   258  fmul.o(x$fpl$fmul)
    __fpl_fnaninf                            0x00011b6b   Thumb Code   140  fnaninf.o(x$fpl$fnaninf)
    __fpl_fretinf                            0x00011bf7   Thumb Code    10  fretinf.o(x$fpl$fretinf)
    __aeabi_cfrcmple                         0x00011c01   Thumb Code     0  frleqf.o(x$fpl$frleqf)
    _frcmple                                 0x00011c01   Thumb Code    98  frleqf.o(x$fpl$frleqf)
    __aeabi_fsub                             0x00011c65   Thumb Code     0  faddsub_clz.o(x$fpl$fsub)
    _fsub                                    0x00011c65   Thumb Code   234  faddsub_clz.o(x$fpl$fsub)
    _printf_fp_dec                           0x00011d4f   Thumb Code     4  printf1.o(x$fpl$printf1)
    __fpl_return_NaN                         0x00011d53   Thumb Code   100  retnan.o(x$fpl$retnan)
    __ARM_scalbn                             0x00011db7   Thumb Code    92  scalbn.o(x$fpl$scalbn)
    __fpl_cmpreturn                          0x00011e13   Thumb Code    48  trapv.o(x$fpl$trapveneer)
    GB_21                                    0x00011e42   Data        7735  lpc177x_8x_lcd.o(.constdata)
    __I$use$fp                               0x00011e42   Number         0  usenofp.o(x$fpl$usenofp)
    GB_16                                    0x00013c79   Data        5678  lpc177x_8x_lcd.o(.constdata)
    LogoStream                               0x000152a8   Data        1440  logo.o(.constdata)
    _C                                       0x000162b8   Data         280  asciilib.o(.constdata)
    _p                                       0x000163d0   Data         280  asciilib.o(.constdata)
    _num                                     0x000164e8   Data        2944  asciilib.o(.constdata)
    Out_Assic                                0x00017068   Data        7720  asciilib.o(.constdata)
    nBitmapDot                               0x00018e90   Data         144  asciilib.o(.constdata)
    Num_1                                    0x00018f20   Data          81  use_disp.o(.constdata)
    Test_Setitem                             0x00018f71   Data          60  use_disp.o(.constdata)
    Test_Tirpvalue                           0x00018fad   Data          14  use_disp.o(.constdata)
    Test_Speedvalue                          0x00018fbb   Data          14  use_disp.o(.constdata)
    Test_Compvalue                           0x00018fc9   Data          14  use_disp.o(.constdata)
    Sys_Disp_Main                            0x00018fd7   Data          91  use_disp.o(.constdata)
    Sys_config_Disp_Main                     0x00019032   Data          50  use_disp.o(.constdata)
    Button_TipPage1                          0x00019064   Data          40  use_disp.o(.constdata)
    Button_TipPage2                          0x0001908c   Data          40  use_disp.o(.constdata)
    Button_TipPage3                          0x000190b4   Data          40  use_disp.o(.constdata)
    Cp_Button_Tip                            0x000190dc   Data          40  use_disp.o(.constdata)
    Cs_Button_Tip                            0x00019104   Data          40  use_disp.o(.constdata)
    Lp_Button_Tip1                           0x0001912c   Data          40  use_disp.o(.constdata)
    Lp_Button_Tip2                           0x00019154   Data          40  use_disp.o(.constdata)
    Ls_Button_Tip                            0x0001917c   Data          40  use_disp.o(.constdata)
    Z_Button_Tip                             0x000191a4   Data          40  use_disp.o(.constdata)
    Y_Button_Tip                             0x000191cc   Data          40  use_disp.o(.constdata)
    R_Button_Tip                             0x000191f4   Data          40  use_disp.o(.constdata)
    User_FUNC                                0x0001921c   Data         216  use_disp.o(.constdata)
    RangeDisp_Main                           0x000192f4   Data          92  use_disp.o(.constdata)
    RangeDisp_Second                         0x00019350   Data          92  use_disp.o(.constdata)
    Fun_SelectValue                          0x000193ac   Data          28  use_disp.o(.constdata)
    FreqNum                                  0x000193c8   Data         152  use_disp.o(.constdata)
    User_Freq                                0x00019460   Data         451  use_disp.o(.constdata)
    Setup_Beep                               0x00019623   Data          28  use_disp.o(.constdata)
    Setup_Beep1                              0x0001963f   Data          32  use_disp.o(.constdata)
    FreqButton_Tip                           0x0001965f   Data          40  use_disp.o(.constdata)
    User_Level                               0x00019687   Data          33  use_disp.o(.constdata)
    LevleButton_Tip                          0x000196a8   Data          40  use_disp.o(.constdata)
    User_Range                               0x000196d0   Data          66  use_disp.o(.constdata)
    RangeButton_Tip                          0x00019712   Data          32  use_disp.o(.constdata)
    User_Biad                                0x00019732   Data          11  use_disp.o(.constdata)
    BiasButton_Tip                           0x0001973d   Data          16  use_disp.o(.constdata)
    User_Speed                               0x0001974d   Data          33  use_disp.o(.constdata)
    SpeedButton_Tip                          0x0001976e   Data          24  use_disp.o(.constdata)
    User_Comp                                0x00019786   Data          22  use_disp.o(.constdata)
    Limit_Scan_Fun                           0x0001979c   Data          10  use_disp.o(.constdata)
    Limit_Scan_Page                          0x000197a6   Data          14  use_disp.o(.constdata)
    Sys_Bais_Value                           0x000197b4   Data          14  use_disp.o(.constdata)
    Sys_Addr_value                           0x000197c2   Data          35  use_disp.o(.constdata)
    Switch_Value                             0x000197e5   Data          10  use_disp.o(.constdata)
    CompButton_Tip                           0x000197ef   Data          16  use_disp.o(.constdata)
    User_ListMode                            0x000197ff   Data          22  use_disp.o(.constdata)
    ListModeButton_Tip                       0x00019815   Data          16  use_disp.o(.constdata)
    Setup_Trig                               0x00019825   Data          44  use_disp.o(.constdata)
    SetupTrig_Button_Tip                     0x00019851   Data          32  use_disp.o(.constdata)
    Setup_Alc                                0x00019871   Data          22  use_disp.o(.constdata)
    SetupAlc_Button_Tip                      0x00019887   Data          16  use_disp.o(.constdata)
    Setup_Rsou                               0x00019897   Data          22  use_disp.o(.constdata)
    SetupRsou_Button_Tip                     0x000198ad   Data          16  use_disp.o(.constdata)
    SetupTrigDly_Button_Tip                  0x000198bd   Data          16  use_disp.o(.constdata)
    Setup_Rev_A                              0x000198cd   Data          33  use_disp.o(.constdata)
    SetupRev_A_Button_Tip                    0x000198ee   Data          24  use_disp.o(.constdata)
    Setup_Rev_B                              0x00019906   Data          33  use_disp.o(.constdata)
    SetupRev_B_Button_Tip                    0x00019927   Data          24  use_disp.o(.constdata)
    SetupAvg_Button_Tip                      0x0001993f   Data          16  use_disp.o(.constdata)
    Setup_Vm                                 0x0001994f   Data          22  use_disp.o(.constdata)
    SetupVm_Button_Tip                       0x00019965   Data          16  use_disp.o(.constdata)
    Setup_Dcr                                0x00019975   Data          22  use_disp.o(.constdata)
    SetupDcr_Button_Tip                      0x0001998b   Data          16  use_disp.o(.constdata)
    SetupRefa_Button_Tip                     0x0001999b   Data           8  use_disp.o(.constdata)
    SetupRefB_Button_Tip                     0x000199a3   Data           8  use_disp.o(.constdata)
    Correct_Open                             0x000199ab   Data          22  use_disp.o(.constdata)
    CorrectOpen_Button_Tip                   0x000199c1   Data          16  use_disp.o(.constdata)
    Correct_Short                            0x000199d1   Data          22  use_disp.o(.constdata)
    CorrectShort_Button_Tip                  0x000199e7   Data          16  use_disp.o(.constdata)
    Correct_Load                             0x000199f7   Data          22  use_disp.o(.constdata)
    CorrectLoad_Button_Tip                   0x00019a0d   Data          16  use_disp.o(.constdata)
    CorrectSpot_Button_Tip                   0x00019a1d   Data          32  use_disp.o(.constdata)
    Correct_Freq                             0x00019a3d   Data          22  use_disp.o(.constdata)
    CorrectFreq_Button_Tip                   0x00019a53   Data          16  use_disp.o(.constdata)
    Correct_Cable                            0x00019a63   Data          44  use_disp.o(.constdata)
    CorrectCable_Button_Tip                  0x00019a8f   Data          32  use_disp.o(.constdata)
    Test_Setitem_E                           0x00019aaf   Data          90  use_disp.o(.constdata)
    Range_Item                               0x00019b09   Data          56  use_disp.o(.constdata)
    Range_Item_E                             0x00019b41   Data          56  use_disp.o(.constdata)
    Set_testitem                             0x00019b79   Data         180  use_disp.o(.constdata)
    Set_testitem_E                           0x00019c2d   Data         180  use_disp.o(.constdata)
    Sys_Sys                                  0x00019ce1   Data          84  use_disp.o(.constdata)
    Sys_Setitem                              0x00019d35   Data          88  use_disp.o(.constdata)
    Sys_Setitem_E                            0x00019d8d   Data         143  use_disp.o(.constdata)
    All_TopName                              0x00019e1c   Data         242  use_disp.o(.constdata)
    All_TopName_E                            0x00019f0e   Data         220  use_disp.o(.constdata)
    Range_Count_Item                         0x00019fea   Data          21  use_disp.o(.constdata)
    Range_Count_Item_E                       0x00019fff   Data          21  use_disp.o(.constdata)
    User_Check_main                          0x0001a014   Data          39  use_disp.o(.constdata)
    User_Check_Item                          0x0001a03b   Data          78  use_disp.o(.constdata)
    User_Check_Item_E                        0x0001a089   Data         234  use_disp.o(.constdata)
    User_LimitList_Item                      0x0001a173   Data          48  use_disp.o(.constdata)
    User_LimitList_Value                     0x0001a1a3   Data           8  use_disp.o(.constdata)
    User_LimitList_Item_E                    0x0001a1ab   Data          48  use_disp.o(.constdata)
    User_LimitList_Item2                     0x0001a1db   Data          44  use_disp.o(.constdata)
    User_LimitScan_Item2                     0x0001a207   Data          44  use_disp.o(.constdata)
    User_ListScan_Item                       0x0001a233   Data          63  use_disp.o(.constdata)
    User_ListScan_Item_E                     0x0001a272   Data          63  use_disp.o(.constdata)
    Sys_Language_Value                       0x0001a2b1   Data          16  use_disp.o(.constdata)
    Sys_Buard_Value                          0x0001a2c1   Data          56  use_disp.o(.constdata)
    Set_Unit                                 0x0001a2f9   Data          60  use_disp.o(.constdata)
    Disp_Unit                                0x0001a335   Data          21  use_disp.o(.constdata)
    Disp_Range_Main_NUm                      0x0001a34a   Data          24  use_disp.o(.constdata)
    Disp_Range_Main_Disp                     0x0001a362   Data          18  use_disp.o(.constdata)
    Main_Func_Comp                           0x0001a374   Data         192  use_disp.o(.constdata)
    Debug_Comp_ad                            0x0001a434   Data          24  use_disp.o(.constdata)
    Debug_Comp                               0x0001a44c   Data          24  use_disp.o(.constdata)
    Debug_Dot                                0x0001a464   Data           6  use_disp.o(.constdata)
    Sys_Data_Comp                            0x0001a46a   Data          20  use_disp.o(.constdata)
    Scan_Value                               0x0001a4ac   Data           8  key.o(.constdata)
    gImage_open                              0x0001a4b4   Data       391680  test.o(.constdata)
    USB_dISPVALUE                            0x00079eb4   Data          54  test.o(.constdata)
    DOT_POS                                  0x00079eea   Data           6  test.o(.constdata)
    Uart_Ordel                               0x00079ef0   Data           9  test.o(.constdata)
    READDATA                                 0x00079ef9   Data           7  test.o(.constdata)
    Disp_Main_Ord                            0x00079f00   Data          81  test.o(.constdata)
    UNIT_VALUE                               0x00079f54   Data          60  test.o(.constdata)
    s_CRCLo                                  0x0007a090   Data         256  debug_frmwrk.o(.constdata)
    __mathlib_zero                           0x0007a260   Data           8  qnan.o(.constdata)
    Region$$Table$$Base                      0x0007a374   Number         0  anon$$obj.o(Region$$Table)
    Region$$Table$$Limit                     0x0007a394   Number         0  anon$$obj.o(Region$$Table)
    __ctype                                  0x0007a3bd   Data           0  lc_ctype_c.o(locale$$data)
    timer0_counter                           0x10000000   Data           4  timer.o(.data)
    timer1_counter                           0x10000004   Data           4  timer.o(.data)
    timer2_counter                           0x10000008   Data           4  timer.o(.data)
    timer3_counter                           0x1000000c   Data           4  timer.o(.data)
    Colour                                   0x10000010   Data           8  lpc177x_8x_lcd.o(.data)
    LogoPic                                  0x10000018   Data          28  logo.o(.data)
    SysTickCnt                               0x10000034   Data           4  key.o(.data)
    PASSWORD                                 0x1000003c   Data           4  test.o(.data)
    nodisp_v_flag                            0x10000040   Data           1  test.o(.data)
    rwatch                                   0x10000044   Data           4  test.o(.data)
    vwatch                                   0x10000048   Data           4  test.o(.data)
    u3sendflag                               0x1000004c   Data           1  test.o(.data)
    Tick_10ms                                0x10000050   Data           4  test.o(.data)
    OldTick                                  0x10000054   Data           4  test.o(.data)
    g_mods_timeout                           0x10000058   Data           1  test.o(.data)
    keynum                                   0x1000005c   Data           4  test.o(.data)
    Rtc_intflag                              0x10000068   Data           1  globalvalue.o(.data)
    Send_Mainord                             0x10000069   Data           6  globalvalue.o(.data)
    Test_Unit                                0x1000006f   Data           3  globalvalue.o(.data)
    clear_flag                               0x10000074   Data           4  globalvalue.o(.data)
    Usb_Open_flag                            0x10000078   Data           4  globalvalue.o(.data)
    softswitch                               0x1000007c   Data           4  globalvalue.o(.data)
    Uart_Send_Flag                           0x10000080   Data           1  globalvalue.o(.data)
    usb_oenflag                              0x10000081   Data           1  globalvalue.o(.data)
    MenuIndex                                0x10000084   Data           4  globalvalue.o(.data)
    MenuSelect                               0x10000088   Data           4  globalvalue.o(.data)
    SystemStatus                             0x1000008c   Data           4  globalvalue.o(.data)
    SystemMessage                            0x10000090   Data           4  globalvalue.o(.data)
    Disp_Coordinates                         0x10000094   Data           6  globalvalue.o(.data)
    SystemCoreClock                          0x1000009c   Data           4  system_lpc177x_8x.o(.data)
    PeripheralClock                          0x100000a0   Data           4  system_lpc177x_8x.o(.data)
    EMCClock                                 0x100000a4   Data           4  system_lpc177x_8x.o(.data)
    USBClock                                 0x100000a8   Data           4  system_lpc177x_8x.o(.data)
    _db_msg                                  0x100000ac   Data           4  debug_frmwrk.o(.data)
    _db_msg_                                 0x100000b0   Data           4  debug_frmwrk.o(.data)
    _db_char                                 0x100000b4   Data           4  debug_frmwrk.o(.data)
    _db_dec                                  0x100000b8   Data           4  debug_frmwrk.o(.data)
    _db_dec_16                               0x100000bc   Data           4  debug_frmwrk.o(.data)
    _db_dec_32                               0x100000c0   Data           4  debug_frmwrk.o(.data)
    _db_hex                                  0x100000c4   Data           4  debug_frmwrk.o(.data)
    _db_hex_16                               0x100000c8   Data           4  debug_frmwrk.o(.data)
    _db_hex_32                               0x100000cc   Data           4  debug_frmwrk.o(.data)
    _db_hex_                                 0x100000d0   Data           4  debug_frmwrk.o(.data)
    _db_hex_16_                              0x100000d4   Data           4  debug_frmwrk.o(.data)
    _db_hex_32_                              0x100000d8   Data           4  debug_frmwrk.o(.data)
    _db_get_char                             0x100000dc   Data           4  debug_frmwrk.o(.data)
    _db_get_val                              0x100000e0   Data           4  debug_frmwrk.o(.data)
    vflag                                    0x100000e4   Data           1  debug_frmwrk.o(.data)
    gUSBConnected                            0x100000f0   Data           4  usbhost_lpc17xx.o(.data)
    HOST_RhscIntr                            0x100000f4   Data           4  usbhost_lpc17xx.o(.data)
    HOST_WdhIntr                             0x100000f8   Data           4  usbhost_lpc17xx.o(.data)
    HOST_TDControlStatus                     0x100000fc   Data           1  usbhost_lpc17xx.o(.data)
    EDCtrl                                   0x10000100   Data           4  usbhost_lpc17xx.o(.data)
    EDBulkIn                                 0x10000104   Data           4  usbhost_lpc17xx.o(.data)
    EDBulkOut                                0x10000108   Data           4  usbhost_lpc17xx.o(.data)
    TDHead                                   0x1000010c   Data           4  usbhost_lpc17xx.o(.data)
    TDTail                                   0x10000110   Data           4  usbhost_lpc17xx.o(.data)
    Hcca                                     0x10000114   Data           4  usbhost_lpc17xx.o(.data)
    TDBufNonVol                              0x10000118   Data           4  usbhost_lpc17xx.o(.data)
    TDBuffer                                 0x1000011c   Data           4  usbhost_lpc17xx.o(.data)
    FATBuffer                                0x10000120   Data           4  usbhost_lpc17xx.o(.data)
    UserBuffer                               0x10000124   Data           4  usbhost_lpc17xx.o(.data)
    UnrecoverableIntCount                    0x10000128   Data           4  usbhost_lpc17xx.o(.data)
    MS_BlkSize                               0x1000012c   Data           4  usbhost_ms.o(.data)
    g_tModS                                  0x10000134   Data         163  test.o(.bss)
    Save_Res                                 0x100001d8   Data         256  globalvalue.o(.bss)
    SaveData                                 0x100002d8   Data       16068  globalvalue.o(.bss)
    Saveeeprom                               0x1000419c   Data         676  globalvalue.o(.bss)
    Test_Dispvalue                           0x10004440   Data         172  globalvalue.o(.bss)
    Comp_Testvalue                           0x100044ec   Data          96  globalvalue.o(.bss)
    Comp_Change                              0x1000454c   Data          80  globalvalue.o(.bss)
    Send_buff2                               0x1000459c   Data          30  globalvalue.o(.bss)
    RTC_TIME_DISP                            0x100045bc   Data          32  globalvalue.o(.bss)
    Count_buff                               0x100045dc   Data          48  globalvalue.o(.bss)
    DispBuf                                  0x1000460c   Data          12  globalvalue.o(.bss)
    ComBuf                                   0x10004618   Data          85  debug_frmwrk.o(.bss)
    ComBuf3                                  0x1000466d   Data          85  debug_frmwrk.o(.bss)
    __libspace_start                         0x10004acc   Data          96  libspace.o(.bss)
    __temporary_stack_top$libspace           0x10004b2c   Data           0  libspace.o(.bss)



==============================================================================

Memory Map of the image

  Image Entry point : 0x000000e5

  Load Region LR_IROM1 (Base: 0x00000000, Size: 0x0007a5f4, Max: 0x00080000, ABSOLUTE, COMPRESSED[0x0007a4e8])

    Execution Region ER_IROM1 (Exec base: 0x00000000, Load base: 0x00000000, Size: 0x0007a4c0, Max: 0x00080000, ABSOLUTE)

    Exec Addr    Load Addr    Size         Type   Attr      Idx    E Section Name        Object

    0x00000000   0x00000000   0x000000e4   Data   RO          413    RESET               startup_lpc177x_8x.o
    0x000000e4   0x000000e4   0x00000008   Code   RO          756  * !!!main             c_w.l(__main.o)
    0x000000ec   0x000000ec   0x00000034   Code   RO         1176    !!!scatter          c_w.l(__scatter.o)
    0x00000120   0x00000120   0x0000005a   Code   RO         1174    !!dczerorl2         c_w.l(__dczerorl2.o)
    0x0000017a   0x0000017a   0x00000002   PAD
    0x0000017c   0x0000017c   0x0000001c   Code   RO         1178    !!handler_zi        c_w.l(__scatter_zi.o)
    0x00000198   0x00000198   0x00000000   Code   RO          741    .ARM.Collect$$_printf_percent$$00000000  c_w.l(_printf_percent.o)
    0x00000198   0x00000198   0x00000006   Code   RO          881    .ARM.Collect$$_printf_percent$$00000001  c_w.l(_printf_n.o)
    0x0000019e   0x0000019e   0x00000006   Code   RO          883    .ARM.Collect$$_printf_percent$$00000002  c_w.l(_printf_p.o)
    0x000001a4   0x000001a4   0x00000006   Code   RO          887    .ARM.Collect$$_printf_percent$$00000003  c_w.l(_printf_f.o)
    0x000001aa   0x000001aa   0x00000006   Code   RO          888    .ARM.Collect$$_printf_percent$$00000004  c_w.l(_printf_e.o)
    0x000001b0   0x000001b0   0x00000006   Code   RO          889    .ARM.Collect$$_printf_percent$$00000005  c_w.l(_printf_g.o)
    0x000001b6   0x000001b6   0x00000006   Code   RO          890    .ARM.Collect$$_printf_percent$$00000006  c_w.l(_printf_a.o)
    0x000001bc   0x000001bc   0x0000000a   Code   RO          895    .ARM.Collect$$_printf_percent$$00000007  c_w.l(_printf_ll.o)
    0x000001c6   0x000001c6   0x00000006   Code   RO          885    .ARM.Collect$$_printf_percent$$00000008  c_w.l(_printf_i.o)
    0x000001cc   0x000001cc   0x00000006   Code   RO          740    .ARM.Collect$$_printf_percent$$00000009  c_w.l(_printf_d.o)
    0x000001d2   0x000001d2   0x00000006   Code   RO          886    .ARM.Collect$$_printf_percent$$0000000A  c_w.l(_printf_u.o)
    0x000001d8   0x000001d8   0x00000006   Code   RO          884    .ARM.Collect$$_printf_percent$$0000000B  c_w.l(_printf_o.o)
    0x000001de   0x000001de   0x00000006   Code   RO          882    .ARM.Collect$$_printf_percent$$0000000C  c_w.l(_printf_x.o)
    0x000001e4   0x000001e4   0x00000006   Code   RO          892    .ARM.Collect$$_printf_percent$$0000000D  c_w.l(_printf_lli.o)
    0x000001ea   0x000001ea   0x00000006   Code   RO          893    .ARM.Collect$$_printf_percent$$0000000E  c_w.l(_printf_lld.o)
    0x000001f0   0x000001f0   0x00000006   Code   RO          894    .ARM.Collect$$_printf_percent$$0000000F  c_w.l(_printf_llu.o)
    0x000001f6   0x000001f6   0x00000006   Code   RO          899    .ARM.Collect$$_printf_percent$$00000010  c_w.l(_printf_llo.o)
    0x000001fc   0x000001fc   0x00000006   Code   RO          900    .ARM.Collect$$_printf_percent$$00000011  c_w.l(_printf_llx.o)
    0x00000202   0x00000202   0x0000000a   Code   RO          896    .ARM.Collect$$_printf_percent$$00000012  c_w.l(_printf_l.o)
    0x0000020c   0x0000020c   0x00000006   Code   RO          879    .ARM.Collect$$_printf_percent$$00000013  c_w.l(_printf_c.o)
    0x00000212   0x00000212   0x00000006   Code   RO          880    .ARM.Collect$$_printf_percent$$00000014  c_w.l(_printf_s.o)
    0x00000218   0x00000218   0x00000006   Code   RO          897    .ARM.Collect$$_printf_percent$$00000015  c_w.l(_printf_lc.o)
    0x0000021e   0x0000021e   0x00000006   Code   RO          898    .ARM.Collect$$_printf_percent$$00000016  c_w.l(_printf_ls.o)
    0x00000224   0x00000224   0x00000004   Code   RO          891    .ARM.Collect$$_printf_percent$$00000017  c_w.l(_printf_percent_end.o)
    0x00000228   0x00000228   0x00000002   Code   RO         1038    .ARM.Collect$$libinit$$00000000  c_w.l(libinit.o)
    0x0000022a   0x0000022a   0x00000000   Code   RO         1055    .ARM.Collect$$libinit$$00000002  c_w.l(libinit2.o)
    0x0000022a   0x0000022a   0x00000000   Code   RO         1057    .ARM.Collect$$libinit$$00000004  c_w.l(libinit2.o)
    0x0000022a   0x0000022a   0x00000000   Code   RO         1060    .ARM.Collect$$libinit$$0000000A  c_w.l(libinit2.o)
    0x0000022a   0x0000022a   0x00000000   Code   RO         1062    .ARM.Collect$$libinit$$0000000C  c_w.l(libinit2.o)
    0x0000022a   0x0000022a   0x00000000   Code   RO         1064    .ARM.Collect$$libinit$$0000000E  c_w.l(libinit2.o)
    0x0000022a   0x0000022a   0x00000006   Code   RO         1065    .ARM.Collect$$libinit$$0000000F  c_w.l(libinit2.o)
    0x00000230   0x00000230   0x00000000   Code   RO         1067    .ARM.Collect$$libinit$$00000011  c_w.l(libinit2.o)
    0x00000230   0x00000230   0x0000000c   Code   RO         1068    .ARM.Collect$$libinit$$00000012  c_w.l(libinit2.o)
    0x0000023c   0x0000023c   0x00000000   Code   RO         1069    .ARM.Collect$$libinit$$00000013  c_w.l(libinit2.o)
    0x0000023c   0x0000023c   0x00000000   Code   RO         1071    .ARM.Collect$$libinit$$00000015  c_w.l(libinit2.o)
    0x0000023c   0x0000023c   0x0000000a   Code   RO         1072    .ARM.Collect$$libinit$$00000016  c_w.l(libinit2.o)
    0x00000246   0x00000246   0x00000000   Code   RO         1073    .ARM.Collect$$libinit$$00000017  c_w.l(libinit2.o)
    0x00000246   0x00000246   0x00000000   Code   RO         1075    .ARM.Collect$$libinit$$00000019  c_w.l(libinit2.o)
    0x00000246   0x00000246   0x00000000   Code   RO         1077    .ARM.Collect$$libinit$$0000001B  c_w.l(libinit2.o)
    0x00000246   0x00000246   0x00000000   Code   RO         1079    .ARM.Collect$$libinit$$0000001D  c_w.l(libinit2.o)
    0x00000246   0x00000246   0x00000000   Code   RO         1081    .ARM.Collect$$libinit$$0000001F  c_w.l(libinit2.o)
    0x00000246   0x00000246   0x00000000   Code   RO         1083    .ARM.Collect$$libinit$$00000021  c_w.l(libinit2.o)
    0x00000246   0x00000246   0x00000000   Code   RO         1085    .ARM.Collect$$libinit$$00000023  c_w.l(libinit2.o)
    0x00000246   0x00000246   0x00000000   Code   RO         1087    .ARM.Collect$$libinit$$00000025  c_w.l(libinit2.o)
    0x00000246   0x00000246   0x00000000   Code   RO         1091    .ARM.Collect$$libinit$$0000002C  c_w.l(libinit2.o)
    0x00000246   0x00000246   0x00000000   Code   RO         1093    .ARM.Collect$$libinit$$0000002E  c_w.l(libinit2.o)
    0x00000246   0x00000246   0x00000000   Code   RO         1095    .ARM.Collect$$libinit$$00000030  c_w.l(libinit2.o)
    0x00000246   0x00000246   0x00000000   Code   RO         1097    .ARM.Collect$$libinit$$00000032  c_w.l(libinit2.o)
    0x00000246   0x00000246   0x00000002   Code   RO         1098    .ARM.Collect$$libinit$$00000033  c_w.l(libinit2.o)
    0x00000248   0x00000248   0x00000002   Code   RO         1131    .ARM.Collect$$libshutdown$$00000000  c_w.l(libshutdown.o)
    0x0000024a   0x0000024a   0x00000000   Code   RO         1157    .ARM.Collect$$libshutdown$$00000002  c_w.l(libshutdown2.o)
    0x0000024a   0x0000024a   0x00000000   Code   RO         1159    .ARM.Collect$$libshutdown$$00000004  c_w.l(libshutdown2.o)
    0x0000024a   0x0000024a   0x00000000   Code   RO         1162    .ARM.Collect$$libshutdown$$00000007  c_w.l(libshutdown2.o)
    0x0000024a   0x0000024a   0x00000000   Code   RO         1165    .ARM.Collect$$libshutdown$$0000000A  c_w.l(libshutdown2.o)
    0x0000024a   0x0000024a   0x00000000   Code   RO         1167    .ARM.Collect$$libshutdown$$0000000C  c_w.l(libshutdown2.o)
    0x0000024a   0x0000024a   0x00000000   Code   RO         1170    .ARM.Collect$$libshutdown$$0000000F  c_w.l(libshutdown2.o)
    0x0000024a   0x0000024a   0x00000002   Code   RO         1171    .ARM.Collect$$libshutdown$$00000010  c_w.l(libshutdown2.o)
    0x0000024c   0x0000024c   0x00000000   Code   RO          828    .ARM.Collect$$rtentry$$00000000  c_w.l(__rtentry.o)
    0x0000024c   0x0000024c   0x00000000   Code   RO          948    .ARM.Collect$$rtentry$$00000002  c_w.l(__rtentry2.o)
    0x0000024c   0x0000024c   0x00000006   Code   RO          960    .ARM.Collect$$rtentry$$00000004  c_w.l(__rtentry4.o)
    0x00000252   0x00000252   0x00000000   Code   RO          950    .ARM.Collect$$rtentry$$00000009  c_w.l(__rtentry2.o)
    0x00000252   0x00000252   0x00000004   Code   RO          951    .ARM.Collect$$rtentry$$0000000A  c_w.l(__rtentry2.o)
    0x00000256   0x00000256   0x00000000   Code   RO          953    .ARM.Collect$$rtentry$$0000000C  c_w.l(__rtentry2.o)
    0x00000256   0x00000256   0x00000008   Code   RO          954    .ARM.Collect$$rtentry$$0000000D  c_w.l(__rtentry2.o)
    0x0000025e   0x0000025e   0x00000002   Code   RO         1043    .ARM.Collect$$rtexit$$00000000  c_w.l(rtexit.o)
    0x00000260   0x00000260   0x00000000   Code   RO         1104    .ARM.Collect$$rtexit$$00000002  c_w.l(rtexit2.o)
    0x00000260   0x00000260   0x00000004   Code   RO         1105    .ARM.Collect$$rtexit$$00000003  c_w.l(rtexit2.o)
    0x00000264   0x00000264   0x00000006   Code   RO         1106    .ARM.Collect$$rtexit$$00000004  c_w.l(rtexit2.o)
    0x0000026a   0x0000026a   0x00000002   PAD
    0x0000026c   0x0000026c   0x00000040   Code   RO          239    .text               asciilib.o
    0x000002ac   0x000002ac   0x00000040   Code   RO          383    .text               globalvalue.o
    0x000002ec   0x000002ec   0x00000006   Code   RO          754    .text               c_w.l(heapauxi.o)
    0x000002f2   0x000002f2   0x0000000a   Code   RO          845    .text               c_w.l(_sputc.o)
    0x000002fc   0x000002fc   0x00000004   Code   RO          414    .ARM.__at_0x02FC    startup_lpc177x_8x.o
    0x00000300   0x00000300   0x00000288   Code   RO            2    .text               ex_sdram.o
    0x00000588   0x00000588   0x0000031c   Code   RO           54    .text               main.o
    0x000008a4   0x000008a4   0x00000304   Code   RO          159    .text               timer.o
    0x00000ba8   0x00000ba8   0x00000d74   Code   RO          185    .text               lpc177x_8x_lcd.o
    0x0000191c   0x0000191c   0x0000443c   Code   RO          278    .text               use_disp.o
    0x00005d58   0x00005d58   0x000004d0   Code   RO          314    .text               key.o
    0x00006228   0x00006228   0x000043c0   Code   RO          337    .text               test.o
    0x0000a5e8   0x0000a5e8   0x0000003c   Code   RO          415    .text               startup_lpc177x_8x.o
    0x0000a624   0x0000a624   0x00000384   Code   RO          422    .text               system_lpc177x_8x.o
    0x0000a9a8   0x0000a9a8   0x00000452   Code   RO          450    .text               lpc177x_8x_gpio.o
    0x0000adfa   0x0000adfa   0x00000002   PAD
    0x0000adfc   0x0000adfc   0x00000110   Code   RO          485    .text               lpc177x_8x_clkpwr.o
    0x0000af0c   0x0000af0c   0x00000830   Code   RO          520    .text               lpc177x_8x_uart.o
    0x0000b73c   0x0000b73c   0x00000c64   Code   RO          536    .text               debug_frmwrk.o
    0x0000c3a0   0x0000c3a0   0x00000248   Code   RO          566    .text               lpc177x_8x_pinsel.o
    0x0000c5e8   0x0000c5e8   0x000002b8   Code   RO          582    .text               lpc177x_8x_eeprom.o
    0x0000c8a0   0x0000c8a0   0x000005e8   Code   RO          598    .text               lpc177x_8x_rtc_1.o
    0x0000ce88   0x0000ce88   0x00000a7c   Code   RO          614    .text               usbhost_fat.o
    0x0000d904   0x0000d904   0x0000085c   Code   RO          632    .text               usbhost_lpc17xx.o
    0x0000e160   0x0000e160   0x000004f4   Code   RO          664    .text               usbhost_ms.o
    0x0000e654   0x0000e654   0x00000068   Code   RO          686    .text               rtc_1.o
    0x0000e6bc   0x0000e6bc   0x000000ee   Code   RO          706    .text               c_w.l(lludivv7m.o)
    0x0000e7aa   0x0000e7aa   0x00000002   PAD
    0x0000e7ac   0x0000e7ac   0x00000024   Code   RO          708    .text               c_w.l(c89vsprintf.o)
    0x0000e7d0   0x0000e7d0   0x0000002c   Code   RO          710    .text               c_w.l(__2sprintf.o)
    0x0000e7fc   0x0000e7fc   0x0000004e   Code   RO          716    .text               c_w.l(_printf_pad.o)
    0x0000e84a   0x0000e84a   0x00000002   PAD
    0x0000e84c   0x0000e84c   0x00000078   Code   RO          718    .text               c_w.l(_printf_dec.o)
    0x0000e8c4   0x0000e8c4   0x00000188   Code   RO          737    .text               c_w.l(__printf_flags_ss_wp.o)
    0x0000ea4c   0x0000ea4c   0x00000048   Code   RO          742    .text               c_w.l(strcpy.o)
    0x0000ea94   0x0000ea94   0x00000018   Code   RO          744    .text               c_w.l(strcat.o)
    0x0000eaac   0x0000eaac   0x0000008a   Code   RO          746    .text               c_w.l(rt_memcpy_v6.o)
    0x0000eb36   0x0000eb36   0x00000064   Code   RO          748    .text               c_w.l(rt_memcpy_w.o)
    0x0000eb9a   0x0000eb9a   0x0000004e   Code   RO          750    .text               c_w.l(rt_memclr_w.o)
    0x0000ebe8   0x0000ebe8   0x00000080   Code   RO          752    .text               c_w.l(strcmpv7m.o)
    0x0000ec68   0x0000ec68   0x00000016   Code   RO          833    .text               c_w.l(_rserrno.o)
    0x0000ec7e   0x0000ec7e   0x00000024   Code   RO          835    .text               c_w.l(_printf_truncate.o)
    0x0000eca2   0x0000eca2   0x00000052   Code   RO          837    .text               c_w.l(_printf_str.o)
    0x0000ecf4   0x0000ecf4   0x000000b2   Code   RO          839    .text               c_w.l(_printf_intcommon.o)
    0x0000eda6   0x0000eda6   0x00000028   Code   RO          841    .text               c_w.l(_printf_charcount.o)
    0x0000edce   0x0000edce   0x00000002   PAD
    0x0000edd0   0x0000edd0   0x00000030   Code   RO          843    .text               c_w.l(_printf_char_common.o)
    0x0000ee00   0x0000ee00   0x000000bc   Code   RO          847    .text               c_w.l(_printf_wctomb.o)
    0x0000eebc   0x0000eebc   0x0000007c   Code   RO          850    .text               c_w.l(_printf_longlong_dec.o)
    0x0000ef38   0x0000ef38   0x00000070   Code   RO          856    .text               c_w.l(_printf_oct_int_ll.o)
    0x0000efa8   0x0000efa8   0x00000094   Code   RO          876    .text               c_w.l(_printf_hex_int_ll_ptr.o)
    0x0000f03c   0x0000f03c   0x00000008   Code   RO          967    .text               c_w.l(rt_errno_addr_intlibspace.o)
    0x0000f044   0x0000f044   0x0000008a   Code   RO          969    .text               c_w.l(lludiv10.o)
    0x0000f0ce   0x0000f0ce   0x0000041e   Code   RO          971    .text               c_w.l(_printf_fp_dec.o)
    0x0000f4ec   0x0000f4ec   0x0000002c   Code   RO          975    .text               c_w.l(_printf_char.o)
    0x0000f518   0x0000f518   0x0000002c   Code   RO          977    .text               c_w.l(_printf_wchar.o)
    0x0000f544   0x0000f544   0x00000040   Code   RO          979    .text               c_w.l(_wcrtomb.o)
    0x0000f584   0x0000f584   0x00000008   Code   RO          985    .text               c_w.l(libspace.o)
    0x0000f58c   0x0000f58c   0x0000004a   Code   RO          988    .text               c_w.l(sys_stackheap_outer.o)
    0x0000f5d6   0x0000f5d6   0x00000002   PAD
    0x0000f5d8   0x0000f5d8   0x00000010   Code   RO          990    .text               c_w.l(rt_ctype_table.o)
    0x0000f5e8   0x0000f5e8   0x00000008   Code   RO          995    .text               c_w.l(rt_locale_intlibspace.o)
    0x0000f5f0   0x0000f5f0   0x00000080   Code   RO          997    .text               c_w.l(_printf_fp_infnan.o)
    0x0000f670   0x0000f670   0x000000e4   Code   RO          999    .text               c_w.l(bigflt0.o)
    0x0000f754   0x0000f754   0x00000012   Code   RO         1027    .text               c_w.l(exit.o)
    0x0000f766   0x0000f766   0x00000002   PAD
    0x0000f768   0x0000f768   0x0000000c   Code   RO         1101    .text               c_w.l(sys_exit.o)
    0x0000f774   0x0000f774   0x00000002   Code   RO         1120    .text               c_w.l(use_no_semi.o)
    0x0000f776   0x0000f776   0x00000000   Code   RO         1122    .text               c_w.l(indicate_semi.o)
    0x0000f776   0x0000f776   0x0000003e   Code   RO         1002    CL$$btod_d2e        c_w.l(btod.o)
    0x0000f7b4   0x0000f7b4   0x00000046   Code   RO         1004    CL$$btod_d2e_denorm_low  c_w.l(btod.o)
    0x0000f7fa   0x0000f7fa   0x00000060   Code   RO         1003    CL$$btod_d2e_norm_op1  c_w.l(btod.o)
    0x0000f85a   0x0000f85a   0x00000338   Code   RO         1012    CL$$btod_div_common  c_w.l(btod.o)
    0x0000fb92   0x0000fb92   0x000000dc   Code   RO         1009    CL$$btod_e2e        c_w.l(btod.o)
    0x0000fc6e   0x0000fc6e   0x0000002a   Code   RO         1006    CL$$btod_ediv       c_w.l(btod.o)
    0x0000fc98   0x0000fc98   0x0000002a   Code   RO         1005    CL$$btod_emul       c_w.l(btod.o)
    0x0000fcc2   0x0000fcc2   0x00000244   Code   RO         1011    CL$$btod_mult_common  c_w.l(btod.o)
    0x0000ff06   0x0000ff06   0x00000028   Code   RO          934    i.__ARM_fpclassify  m_ws.l(fpclassify.o)
    0x0000ff2e   0x0000ff2e   0x000000aa   Code   RO          936    i.__kernel_poly     m_ws.l(poly.o)
    0x0000ffd8   0x0000ffd8   0x00000010   Code   RO          920    i.__mathlib_dbl_divzero  m_ws.l(dunder.o)
    0x0000ffe8   0x0000ffe8   0x00000004   Code   RO          922    i.__mathlib_dbl_infnan2  m_ws.l(dunder.o)
    0x0000ffec   0x0000ffec   0x0000000c   Code   RO          923    i.__mathlib_dbl_invalid  m_ws.l(dunder.o)
    0x0000fff8   0x0000fff8   0x0000000e   Code   RO          924    i.__mathlib_dbl_overflow  m_ws.l(dunder.o)
    0x00010006   0x00010006   0x00000002   PAD
    0x00010008   0x00010008   0x00000010   Code   RO          926    i.__mathlib_dbl_underflow  m_ws.l(dunder.o)
    0x00010018   0x00010018   0x0000000e   Code   RO          730    i._is_digit         c_w.l(__printf_wp.o)
    0x00010026   0x00010026   0x00000002   PAD
    0x00010028   0x00010028   0x000009d8   Code   RO          819    i.pow               m_ws.l(pow.o)
    0x00010a00   0x00010a00   0x0000004c   Code   RO          940    i.sqrt              m_ws.l(sqrt.o)
    0x00010a4c   0x00010a4c   0x0000002c   Code   RO         1025    locale$$code        c_w.l(lc_numeric_c.o)
    0x00010a78   0x00010a78   0x0000002c   Code   RO         1048    locale$$code        c_w.l(lc_ctype_c.o)
    0x00010aa4   0x00010aa4   0x00000062   Code   RO          758    x$fpl$d2f           fz_ws.l(d2f.o)
    0x00010b06   0x00010b06   0x00000002   PAD
    0x00010b08   0x00010b08   0x00000150   Code   RO          760    x$fpl$dadd          fz_ws.l(daddsub_clz.o)
    0x00010c58   0x00010c58   0x00000010   Code   RO          981    x$fpl$dcheck1       fz_ws.l(dcheck1.o)
    0x00010c68   0x00010c68   0x00000018   Code   RO          901    x$fpl$dcmpinf       fz_ws.l(dcmpi.o)
    0x00010c80   0x00010c80   0x000002b0   Code   RO          767    x$fpl$ddiv          fz_ws.l(ddiv.o)
    0x00010f30   0x00010f30   0x0000005a   Code   RO          772    x$fpl$dfixu         fz_ws.l(dfixu.o)
    0x00010f8a   0x00010f8a   0x0000002e   Code   RO          777    x$fpl$dflt          fz_ws.l(dflt_clz.o)
    0x00010fb8   0x00010fb8   0x00000026   Code   RO          776    x$fpl$dfltu         fz_ws.l(dflt_clz.o)
    0x00010fde   0x00010fde   0x00000002   PAD
    0x00010fe0   0x00010fe0   0x00000078   Code   RO          903    x$fpl$dleqf         fz_ws.l(dleqf.o)
    0x00011058   0x00011058   0x00000154   Code   RO          782    x$fpl$dmul          fz_ws.l(dmul.o)
    0x000111ac   0x000111ac   0x0000009c   Code   RO          905    x$fpl$dnaninf       fz_ws.l(dnaninf.o)
    0x00011248   0x00011248   0x0000000c   Code   RO          907    x$fpl$dretinf       fz_ws.l(dretinf.o)
    0x00011254   0x00011254   0x0000006c   Code   RO          784    x$fpl$drleqf        fz_ws.l(drleqf.o)
    0x000112c0   0x000112c0   0x00000016   Code   RO          761    x$fpl$drsb          fz_ws.l(daddsub_clz.o)
    0x000112d6   0x000112d6   0x00000002   PAD
    0x000112d8   0x000112d8   0x000001cc   Code   RO          983    x$fpl$dsqrt         fz_ws.l(dsqrt_noumaal.o)
    0x000114a4   0x000114a4   0x000001d4   Code   RO          762    x$fpl$dsub          fz_ws.l(daddsub_clz.o)
    0x00011678   0x00011678   0x00000056   Code   RO          786    x$fpl$f2d           fz_ws.l(f2d.o)
    0x000116ce   0x000116ce   0x00000002   PAD
    0x000116d0   0x000116d0   0x000000c4   Code   RO          788    x$fpl$fadd          fz_ws.l(faddsub_clz.o)
    0x00011794   0x00011794   0x00000018   Code   RO          909    x$fpl$fcmpinf       fz_ws.l(fcmpi.o)
    0x000117ac   0x000117ac   0x00000184   Code   RO          795    x$fpl$fdiv          fz_ws.l(fdiv.o)
    0x00011930   0x00011930   0x00000036   Code   RO          798    x$fpl$ffix          fz_ws.l(ffix.o)
    0x00011966   0x00011966   0x00000002   PAD
    0x00011968   0x00011968   0x0000003e   Code   RO          802    x$fpl$ffixu         fz_ws.l(ffixu.o)
    0x000119a6   0x000119a6   0x00000002   PAD
    0x000119a8   0x000119a8   0x00000030   Code   RO          807    x$fpl$fflt          fz_ws.l(fflt_clz.o)
    0x000119d8   0x000119d8   0x00000026   Code   RO          806    x$fpl$ffltu         fz_ws.l(fflt_clz.o)
    0x000119fe   0x000119fe   0x00000002   PAD
    0x00011a00   0x00011a00   0x00000068   Code   RO          812    x$fpl$fleqf         fz_ws.l(fleqf.o)
    0x00011a68   0x00011a68   0x00000102   Code   RO          814    x$fpl$fmul          fz_ws.l(fmul.o)
    0x00011b6a   0x00011b6a   0x0000008c   Code   RO          911    x$fpl$fnaninf       fz_ws.l(fnaninf.o)
    0x00011bf6   0x00011bf6   0x0000000a   Code   RO          913    x$fpl$fretinf       fz_ws.l(fretinf.o)
    0x00011c00   0x00011c00   0x00000062   Code   RO          816    x$fpl$frleqf        fz_ws.l(frleqf.o)
    0x00011c62   0x00011c62   0x00000002   PAD
    0x00011c64   0x00011c64   0x000000ea   Code   RO          790    x$fpl$fsub          fz_ws.l(faddsub_clz.o)
    0x00011d4e   0x00011d4e   0x00000004   Code   RO          915    x$fpl$printf1       fz_ws.l(printf1.o)
    0x00011d52   0x00011d52   0x00000064   Code   RO         1041    x$fpl$retnan        fz_ws.l(retnan.o)
    0x00011db6   0x00011db6   0x0000005c   Code   RO          917    x$fpl$scalbn        fz_ws.l(scalbn.o)
    0x00011e12   0x00011e12   0x00000030   Code   RO         1099    x$fpl$trapveneer    fz_ws.l(trapv.o)
    0x00011e42   0x00011e42   0x00000000   Code   RO          919    x$fpl$usenofp       fz_ws.l(usenofp.o)
    0x00011e42   0x00011e42   0x00003465   Data   RO          186    .constdata          lpc177x_8x_lcd.o
    0x000152a7   0x000152a7   0x00000001   PAD
    0x000152a8   0x000152a8   0x000005a0   Data   RO          222    .constdata          logo.o
    0x00015848   0x00015848   0x000036d8   Data   RO          240    .constdata          asciilib.o
    0x00018f20   0x00018f20   0x0000158c   Data   RO          279    .constdata          use_disp.o
    0x0001a4ac   0x0001a4ac   0x00000008   Data   RO          315    .constdata          key.o
    0x0001a4b4   0x0001a4b4   0x0005fadc   Data   RO          339    .constdata          test.o
    0x00079f90   0x00079f90   0x00000200   Data   RO          538    .constdata          debug_frmwrk.o
    0x0007a190   0x0007a190   0x00000011   Data   RO          738    .constdata          c_w.l(__printf_flags_ss_wp.o)
    0x0007a1a1   0x0007a1a1   0x00000007   PAD
    0x0007a1a8   0x0007a1a8   0x00000088   Data   RO          820    .constdata          m_ws.l(pow.o)
    0x0007a230   0x0007a230   0x00000008   Data   RO          848    .constdata          c_w.l(_printf_wctomb.o)
    0x0007a238   0x0007a238   0x00000028   Data   RO          877    .constdata          c_w.l(_printf_hex_int_ll_ptr.o)
    0x0007a260   0x0007a260   0x00000008   Data   RO          938    .constdata          m_ws.l(qnan.o)
    0x0007a268   0x0007a268   0x00000094   Data   RO         1000    .constdata          c_w.l(bigflt0.o)
    0x0007a2fc   0x0007a2fc   0x0000000e   Data   RO          223    .conststring        logo.o
    0x0007a30a   0x0007a30a   0x00000002   PAD
    0x0007a30c   0x0007a30c   0x00000009   Data   RO          340    .conststring        test.o
    0x0007a315   0x0007a315   0x00000003   PAD
    0x0007a318   0x0007a318   0x00000059   Data   RO          539    .conststring        debug_frmwrk.o
    0x0007a371   0x0007a371   0x00000003   PAD
    0x0007a374   0x0007a374   0x00000020   Data   RO         1172    Region$$Table       anon$$obj.o
    0x0007a394   0x0007a394   0x0000001c   Data   RO         1024    locale$$data        c_w.l(lc_numeric_c.o)
    0x0007a3b0   0x0007a3b0   0x00000110   Data   RO         1047    locale$$data        c_w.l(lc_ctype_c.o)


    Execution Region RW_IRAM1 (Exec base: 0x10000000, Load base: 0x0007a4c0, Size: 0x00004d30, Max: 0x00010000, ABSOLUTE, COMPRESSED[0x00000028])

    Exec Addr    Load Addr    Size         Type   Attr      Idx    E Section Name        Object

    0x10000000   COMPRESSED   0x00000010   Data   RW          160    .data               timer.o
    0x10000010   COMPRESSED   0x00000008   Data   RW          187    .data               lpc177x_8x_lcd.o
    0x10000018   COMPRESSED   0x0000001c   Data   RW          224    .data               logo.o
    0x10000034   COMPRESSED   0x00000006   Data   RW          316    .data               key.o
    0x1000003a   COMPRESSED   0x00000002   PAD
    0x1000003c   COMPRESSED   0x0000002c   Data   RW          341    .data               test.o
    0x10000068   COMPRESSED   0x00000032   Data   RW          385    .data               globalvalue.o
    0x1000009a   COMPRESSED   0x00000002   PAD
    0x1000009c   COMPRESSED   0x00000010   Data   RW          423    .data               system_lpc177x_8x.o
    0x100000ac   COMPRESSED   0x00000044   Data   RW          540    .data               debug_frmwrk.o
    0x100000f0   COMPRESSED   0x0000003c   Data   RW          633    .data               usbhost_lpc17xx.o
    0x1000012c   COMPRESSED   0x00000008   Data   RW          665    .data               usbhost_ms.o
    0x10000134        -       0x000000a3   Zero   RW          338    .bss                test.o
    0x100001d7   COMPRESSED   0x00000001   PAD
    0x100001d8        -       0x00004440   Zero   RW          384    .bss                globalvalue.o
    0x10004618        -       0x000002ab   Zero   RW          537    .bss                debug_frmwrk.o
    0x100048c3   COMPRESSED   0x00000001   PAD
    0x100048c4        -       0x00000208   Zero   RW          615    .bss                usbhost_fat.o
    0x10004acc        -       0x00000060   Zero   RW          986    .bss                c_w.l(libspace.o)
    0x10004b2c   COMPRESSED   0x00000004   PAD
    0x10004b30        -       0x00000000   Zero   RW          412    HEAP                startup_lpc177x_8x.o
    0x10004b30        -       0x00000200   Zero   RW          411    STACK               startup_lpc177x_8x.o


==============================================================================

Image component sizes


      Code (inc. data)   RO Data    RW Data    ZI Data      Debug   Object Name

        64         10      14040          0          0       1409   asciilib.o
      3172        300        601         68        683      13811   debug_frmwrk.o
       648         36          0          0          0      28679   ex_sdram.o
        64          8          0         50      17472       9022   globalvalue.o
      1232         20          8          6          0       6553   key.o
         0          0       1454         28          0        469   logo.o
       272         28          0          0          0       1519   lpc177x_8x_clkpwr.o
       696         16          0          0          0       1905   lpc177x_8x_eeprom.o
      1106         28          0          0          0       9264   lpc177x_8x_gpio.o
      3444         86      13413          8          0      21139   lpc177x_8x_lcd.o
       584          6          0          0          0       4762   lpc177x_8x_pinsel.o
      1512         64          0          0          0       5611   lpc177x_8x_rtc_1.o
      2096         28          0          0          0       9501   lpc177x_8x_uart.o
       796         66          0          0          0      45193   main.o
       104         14          0          0          0        653   rtc_1.o
        64         26        228          0        512       1092   startup_lpc177x_8x.o
       900         38          0         16          0       1263   system_lpc177x_8x.o
     17344       1296     391909         44        163      43145   test.o
       772         36          0         16          0      19257   timer.o
      2684         40          0          0        520       9396   usbhost_fat.o
      2140        126          0         60          0      26175   usbhost_lpc17xx.o
      1268         42          0          8          0       4925   usbhost_ms.o
     17468       1392       5516          0          0      32155   use_disp.o

    ----------------------------------------------------------------------
     58432       3706     427210        308      19352     296898   Object Totals
         0          0         32          0          0          0   (incl. Generated)
         2          0          9          4          2          0   (incl. Padding)

    ----------------------------------------------------------------------

      Code (inc. data)   RO Data    RW Data    ZI Data      Debug   Library Member Name

        44          6          0          0          0         84   __2sprintf.o
        90          0          0          0          0          0   __dczerorl2.o
         8          0          0          0          0         68   __main.o
       392          4         17          0          0         92   __printf_flags_ss_wp.o
        14          0          0          0          0         68   __printf_wp.o
         0          0          0          0          0          0   __rtentry.o
        12          0          0          0          0          0   __rtentry2.o
         6          0          0          0          0          0   __rtentry4.o
        52          8          0          0          0          0   __scatter.o
        28          0          0          0          0          0   __scatter_zi.o
         6          0          0          0          0          0   _printf_a.o
         6          0          0          0          0          0   _printf_c.o
        44          0          0          0          0        108   _printf_char.o
        48          6          0          0          0         96   _printf_char_common.o
        40          0          0          0          0         68   _printf_charcount.o
         6          0          0          0          0          0   _printf_d.o
       120         16          0          0          0         92   _printf_dec.o
         6          0          0          0          0          0   _printf_e.o
         6          0          0          0          0          0   _printf_f.o
      1054          0          0          0          0        216   _printf_fp_dec.o
       128         16          0          0          0         84   _printf_fp_infnan.o
         6          0          0          0          0          0   _printf_g.o
       148          4         40          0          0        160   _printf_hex_int_ll_ptr.o
         6          0          0          0          0          0   _printf_i.o
       178          0          0          0          0         88   _printf_intcommon.o
        10          0          0          0          0          0   _printf_l.o
         6          0          0          0          0          0   _printf_lc.o
        10          0          0          0          0          0   _printf_ll.o
         6          0          0          0          0          0   _printf_lld.o
         6          0          0          0          0          0   _printf_lli.o
         6          0          0          0          0          0   _printf_llo.o
         6          0          0          0          0          0   _printf_llu.o
         6          0          0          0          0          0   _printf_llx.o
       124         16          0          0          0         92   _printf_longlong_dec.o
         6          0          0          0          0          0   _printf_ls.o
         6          0          0          0          0          0   _printf_n.o
         6          0          0          0          0          0   _printf_o.o
       112         10          0          0          0        124   _printf_oct_int_ll.o
         6          0          0          0          0          0   _printf_p.o
        78          0          0          0          0        108   _printf_pad.o
         0          0          0          0          0          0   _printf_percent.o
         4          0          0          0          0          0   _printf_percent_end.o
         6          0          0          0          0          0   _printf_s.o
        82          0          0          0          0         80   _printf_str.o
        36          0          0          0          0         84   _printf_truncate.o
         6          0          0          0          0          0   _printf_u.o
        44          0          0          0          0        108   _printf_wchar.o
       188          6          8          0          0         92   _printf_wctomb.o
         6          0          0          0          0          0   _printf_x.o
        22          0          0          0          0        100   _rserrno.o
        10          0          0          0          0         68   _sputc.o
        64          0          0          0          0         92   _wcrtomb.o
       228          4        148          0          0         96   bigflt0.o
      1936        128          0          0          0        672   btod.o
        36          4          0          0          0         76   c89vsprintf.o
        18          0          0          0          0         80   exit.o
         6          0          0          0          0        152   heapauxi.o
         0          0          0          0          0          0   indicate_semi.o
        44         10        272          0          0         76   lc_ctype_c.o
        44         10         28          0          0         76   lc_numeric_c.o
         2          0          0          0          0          0   libinit.o
        30          0          0          0          0          0   libinit2.o
         2          0          0          0          0          0   libshutdown.o
         2          0          0          0          0          0   libshutdown2.o
         8          4          0          0         96         68   libspace.o
       138          0          0          0          0         80   lludiv10.o
       238          0          0          0          0        100   lludivv7m.o
        16          4          0          0          0         76   rt_ctype_table.o
         8          4          0          0          0         68   rt_errno_addr_intlibspace.o
         8          4          0          0          0         68   rt_locale_intlibspace.o
        78          0          0          0          0         80   rt_memclr_w.o
       138          0          0          0          0         68   rt_memcpy_v6.o
       100          0          0          0          0         80   rt_memcpy_w.o
         2          0          0          0          0          0   rtexit.o
        10          0          0          0          0          0   rtexit2.o
        24          0          0          0          0         68   strcat.o
       128          0          0          0          0         68   strcmpv7m.o
        72          0          0          0          0         80   strcpy.o
        12          4          0          0          0         68   sys_exit.o
        74          0          0          0          0         80   sys_stackheap_outer.o
         2          0          0          0          0         68   use_no_semi.o
        98          4          0          0          0         92   d2f.o
       826         16          0          0          0        348   daddsub_clz.o
        16          4          0          0          0         68   dcheck1.o
        24          0          0          0          0         68   dcmpi.o
       688        140          0          0          0        208   ddiv.o
        90          4          0          0          0         92   dfixu.o
        84          0          0          0          0        136   dflt_clz.o
       120          4          0          0          0         92   dleqf.o
       340         12          0          0          0        104   dmul.o
       156          4          0          0          0         92   dnaninf.o
        12          0          0          0          0         68   dretinf.o
       108          0          0          0          0         80   drleqf.o
       460         56          0          0          0        120   dsqrt_noumaal.o
        86          4          0          0          0         84   f2d.o
       430          8          0          0          0        168   faddsub_clz.o
        24          0          0          0          0         68   fcmpi.o
       388         76          0          0          0         96   fdiv.o
        54          4          0          0          0         84   ffix.o
        62          4          0          0          0         84   ffixu.o
        86          0          0          0          0        136   fflt_clz.o
       104          4          0          0          0         84   fleqf.o
       258          4          0          0          0         84   fmul.o
       140          4          0          0          0         84   fnaninf.o
        10          0          0          0          0         68   fretinf.o
        98          0          0          0          0         68   frleqf.o
         4          0          0          0          0         68   printf1.o
       100          0          0          0          0         68   retnan.o
        92          0          0          0          0         68   scalbn.o
        48          0          0          0          0         68   trapv.o
         0          0          0          0          0          0   usenofp.o
        62         10          0          0          0        340   dunder.o
        40          0          0          0          0         68   fpclassify.o
       170          0          0          0          0         96   poly.o
      2520        190        136          0          0        324   pow.o
         0          0          8          0          0          0   qnan.o
        76          0          0          0          0         84   sqrt.o

    ----------------------------------------------------------------------
     14622        820        664          0        100       8380   Library Totals
        34          0          7          0          4          0   (incl. Padding)

    ----------------------------------------------------------------------

      Code (inc. data)   RO Data    RW Data    ZI Data      Debug   Library Name

      6714        268        513          0         96       4520   c_w.l
      5006        352          0          0          0       2948   fz_ws.l
      2868        200        144          0          0        912   m_ws.l

    ----------------------------------------------------------------------
     14622        820        664          0        100       8380   Library Totals

    ----------------------------------------------------------------------

==============================================================================


      Code (inc. data)   RO Data    RW Data    ZI Data      Debug   

     73054       4526     427874        308      19452     298566   Grand Totals
     73054       4526     427874         40      19452     298566   ELF Image Totals (compressed)
     73054       4526     427874         40          0          0   ROM Totals

==============================================================================

    Total RO  Size (Code + RO Data)               500928 ( 489.19kB)
    Total RW  Size (RW Data + ZI Data)             19760 (  19.30kB)
    Total ROM Size (Code + RO Data + RW Data)     500968 ( 489.23kB)

==============================================================================

